Archive member included to satisfy reference by file (symbol)

C:\Users\HP\Documents\work_space\Embedded_Secure_Encryp_Comp\Bootloader\STM32_Cryptographic\lib\libSTM32Cryptographic_CM4.a(cmox_cbc_aesfast_decrypt.c.o)
                              STM32_Cryptographic/legacy_v3/src/cipher/legacy_v3_aes_cbc.o (CMOX_AESFAST_CBC_DEC)
C:\Users\HP\Documents\work_space\Embedded_Secure_Encryp_Comp\Bootloader\STM32_Cryptographic\lib\libSTM32Cryptographic_CM4.a(cmox_cbc_aesfast_encrypt.c.o)
                              STM32_Cryptographic/legacy_v3/src/cipher/legacy_v3_aes_cbc.o (CMOX_AESFAST_CBC_ENC)
C:\Users\HP\Documents\work_space\Embedded_Secure_Encryp_Comp\Bootloader\STM32_Cryptographic\lib\libSTM32Cryptographic_CM4.a(cmox_cbc_common.c.o)
                              STM32_Cryptographic/legacy_v3/src/cipher/legacy_v3_aes_cbc.o (cmox_cbc_construct)
C:\Users\HP\Documents\work_space\Embedded_Secure_Encryp_Comp\Bootloader\STM32_Cryptographic\lib\libSTM32Cryptographic_CM4.a(cmox_cbc_decrypt.c.o)
                              C:\Users\HP\Documents\work_space\Embedded_Secure_Encryp_Comp\Bootloader\STM32_Cryptographic\lib\libSTM32Cryptographic_CM4.a(cmox_cbc_aesfast_decrypt.c.o) (cmox_cbcDecrypt_construct)
C:\Users\HP\Documents\work_space\Embedded_Secure_Encryp_Comp\Bootloader\STM32_Cryptographic\lib\libSTM32Cryptographic_CM4.a(cmox_cbc_encrypt.c.o)
                              C:\Users\HP\Documents\work_space\Embedded_Secure_Encryp_Comp\Bootloader\STM32_Cryptographic\lib\libSTM32Cryptographic_CM4.a(cmox_cbc_aesfast_encrypt.c.o) (cmox_cbcEncrypt_construct)
C:\Users\HP\Documents\work_space\Embedded_Secure_Encryp_Comp\Bootloader\STM32_Cryptographic\lib\libSTM32Cryptographic_CM4.a(cmox_ccm_aesfast_decrypt.c.o)
                              STM32_Cryptographic/legacy_v3/src/cipher/legacy_v3_aes_ccm.o (CMOX_AESFAST_CCM_DEC)
C:\Users\HP\Documents\work_space\Embedded_Secure_Encryp_Comp\Bootloader\STM32_Cryptographic\lib\libSTM32Cryptographic_CM4.a(cmox_ccm_aesfast_encrypt.c.o)
                              STM32_Cryptographic/legacy_v3/src/cipher/legacy_v3_aes_ccm.o (CMOX_AESFAST_CCM_ENC)
C:\Users\HP\Documents\work_space\Embedded_Secure_Encryp_Comp\Bootloader\STM32_Cryptographic\lib\libSTM32Cryptographic_CM4.a(cmox_ccm_common.c.o)
                              STM32_Cryptographic/legacy_v3/src/cipher/legacy_v3_aes_ccm.o (cmox_ccm_construct)
C:\Users\HP\Documents\work_space\Embedded_Secure_Encryp_Comp\Bootloader\STM32_Cryptographic\lib\libSTM32Cryptographic_CM4.a(cmox_ccm_decrypt.c.o)
                              C:\Users\HP\Documents\work_space\Embedded_Secure_Encryp_Comp\Bootloader\STM32_Cryptographic\lib\libSTM32Cryptographic_CM4.a(cmox_ccm_aesfast_decrypt.c.o) (cmox_ccmDecrypt_construct)
C:\Users\HP\Documents\work_space\Embedded_Secure_Encryp_Comp\Bootloader\STM32_Cryptographic\lib\libSTM32Cryptographic_CM4.a(cmox_ccm_encrypt.c.o)
                              C:\Users\HP\Documents\work_space\Embedded_Secure_Encryp_Comp\Bootloader\STM32_Cryptographic\lib\libSTM32Cryptographic_CM4.a(cmox_ccm_aesfast_encrypt.c.o) (cmox_ccmEncrypt_construct)
C:\Users\HP\Documents\work_space\Embedded_Secure_Encryp_Comp\Bootloader\STM32_Cryptographic\lib\libSTM32Cryptographic_CM4.a(cmox_cfb_aesfast_decrypt.c.o)
                              STM32_Cryptographic/legacy_v3/src/cipher/legacy_v3_aes_cfb.o (CMOX_AESFAST_CFB_DEC)
C:\Users\HP\Documents\work_space\Embedded_Secure_Encryp_Comp\Bootloader\STM32_Cryptographic\lib\libSTM32Cryptographic_CM4.a(cmox_cfb_aesfast_encrypt.c.o)
                              STM32_Cryptographic/legacy_v3/src/cipher/legacy_v3_aes_cfb.o (CMOX_AESFAST_CFB_ENC)
C:\Users\HP\Documents\work_space\Embedded_Secure_Encryp_Comp\Bootloader\STM32_Cryptographic\lib\libSTM32Cryptographic_CM4.a(cmox_cfb_common.c.o)
                              STM32_Cryptographic/legacy_v3/src/cipher/legacy_v3_aes_cfb.o (cmox_cfb_construct)
C:\Users\HP\Documents\work_space\Embedded_Secure_Encryp_Comp\Bootloader\STM32_Cryptographic\lib\libSTM32Cryptographic_CM4.a(cmox_cfb_decrypt.c.o)
                              C:\Users\HP\Documents\work_space\Embedded_Secure_Encryp_Comp\Bootloader\STM32_Cryptographic\lib\libSTM32Cryptographic_CM4.a(cmox_cfb_aesfast_decrypt.c.o) (cmox_cfbDecrypt_construct)
C:\Users\HP\Documents\work_space\Embedded_Secure_Encryp_Comp\Bootloader\STM32_Cryptographic\lib\libSTM32Cryptographic_CM4.a(cmox_cfb_encrypt.c.o)
                              C:\Users\HP\Documents\work_space\Embedded_Secure_Encryp_Comp\Bootloader\STM32_Cryptographic\lib\libSTM32Cryptographic_CM4.a(cmox_cfb_aesfast_encrypt.c.o) (cmox_cfbEncrypt_construct)
C:\Users\HP\Documents\work_space\Embedded_Secure_Encryp_Comp\Bootloader\STM32_Cryptographic\lib\libSTM32Cryptographic_CM4.a(cmox_chachapoly_common.c.o)
                              STM32_Cryptographic/legacy_v3/src/cipher/legacy_v3_chachapoly.o (cmox_chachapoly_construct)
[...]
Memory Configuration

Name             Origin             Length             Attributes
RAM              0x0000000020000000 0x0000000000020000 xrw
FLASH            0x0000000008000000 0x0000000000020000 xr
*default*        0x0000000000000000 0xffffffffffffffff

Linker script and memory map

LOAD c:/st/stm32cubeide_1.6.1/stm32cubeide/plugins/com.st.stm32cube.ide.mcu.externaltools.gnu-tools-for-stm32.9-2020-q2-update.win32_1.5.0.202011040924/tools/bin/../lib/gcc/arm-none-eabi/9.3.1/thumb/v7e-m+fp/hard/crti.o
LOAD c:/st/stm32cubeide_1.6.1/stm32cubeide/plugins/com.st.stm32cube.ide.mcu.externaltools.gnu-tools-for-stm32.9-2020-q2-update.win32_1.5.0.202011040924/tools/bin/../lib/gcc/arm-none-eabi/9.3.1/thumb/v7e-m+fp/hard/crtbegin.o
LOAD c:/st/stm32cubeide_1.6.1/stm32cubeide/plugins/com.st.stm32cube.ide.mcu.externaltools.gnu-tools-for-stm32.9-2020-q2-update.win32_1.5.0.202011040924/tools/bin/../lib/gcc/arm-none-eabi/9.3.1/../../../../arm-none-eabi/lib/thumb/v7e-m+fp/hard/crt0.o
LOAD Core/Src/flash_if.o
LOAD Core/Src/lzss_aes_gcm.o
LOAD Core/Src/main.o
LOAD Core/Src/stm32f4xx_hal_msp.o
LOAD Core/Src/stm32f4xx_it.o
LOAD Core/Src/syscalls.o
LOAD Core/Src/sysmem.o
LOAD Core/Src/system_stm32f4xx.o
LOAD Core/Src/uECC.o
LOAD Core/Startup/startup_stm32f411retx.o
LOAD Drivers/STM32F4xx_HAL_Driver/Src/stm32f4xx_hal.o
LOAD Drivers/STM32F4xx_HAL_Driver/Src/stm32f4xx_hal_cortex.o
LOAD Drivers/STM32F4xx_HAL_Driver/Src/stm32f4xx_hal_crc.o
LOAD Drivers/STM32F4xx_HAL_Driver/Src/stm32f4xx_hal_dma.o
LOAD Drivers/STM32F4xx_HAL_Driver/Src/stm32f4xx_hal_dma_ex.o
LOAD Drivers/STM32F4xx_HAL_Driver/Src/stm32f4xx_hal_exti.o
LOAD Drivers/STM32F4xx_HAL_Driver/Src/stm32f4xx_hal_flash.o
LOAD Drivers/STM32F4xx_HAL_Driver/Src/stm32f4xx_hal_flash_ex.o
LOAD Drivers/STM32F4xx_HAL_Driver/Src/stm32f4xx_hal_flash_ramfunc.o
LOAD Drivers/STM32F4xx_HAL_Driver/Src/stm32f4xx_hal_gpio.o
LOAD Drivers/STM32F4xx_HAL_Driver/Src/stm32f4xx_hal_pwr.o
LOAD Drivers/STM32F4xx_HAL_Driver/Src/stm32f4xx_hal_pwr_ex.o
LOAD Drivers/STM32F4xx_HAL_Driver/Src/stm32f4xx_hal_rcc.o
LOAD Drivers/STM32F4xx_HAL_Driver/Src/stm32f4xx_hal_rcc_ex.o
LOAD Drivers/STM32F4xx_HAL_Driver/Src/stm32f4xx_hal_tim.o
LOAD Drivers/STM32F4xx_HAL_Driver/Src/stm32f4xx_hal_tim_ex.o
LOAD Drivers/STM32F4xx_HAL_Driver/Src/stm32f4xx_hal_uart.o
LOAD STM32_Cryptographic/legacy_v3/src/cipher/legacy_v3_aes_cbc.o
LOAD STM32_Cryptographic/legacy_v3/src/cipher/legacy_v3_aes_ccm.o
LOAD STM32_Cryptographic/legacy_v3/src/cipher/legacy_v3_aes_cfb.o
LOAD STM32_Cryptographic/legacy_v3/src/cipher/legacy_v3_aes_ctr.o
LOAD STM32_Cryptographic/legacy_v3/src/cipher/legacy_v3_aes_ecb.o
LOAD STM32_Cryptographic/legacy_v3/src/cipher/legacy_v3_aes_gcm.o
LOAD STM32_Cryptographic/legacy_v3/src/cipher/legacy_v3_aes_keywrap.o
LOAD STM32_Cryptographic/legacy_v3/src/cipher/legacy_v3_aes_ofb.o
LOAD STM32_Cryptographic/legacy_v3/src/cipher/legacy_v3_aes_xts.o
LOAD STM32_Cryptographic/legacy_v3/src/cipher/legacy_v3_chachapoly.o
LOAD STM32_Cryptographic/legacy_v3/src/drbg/legacy_v3_ctr_drbg.o
LOAD STM32_Cryptographic/legacy_v3/src/ecc/legacy_v3_c25519.o
LOAD STM32_Cryptographic/legacy_v3/src/ecc/legacy_v3_ecc.o
LOAD STM32_Cryptographic/legacy_v3/src/ecc/legacy_v3_ed25519.o
LOAD STM32_Cryptographic/legacy_v3/src/hash/legacy_v3_sha1.o
LOAD STM32_Cryptographic/legacy_v3/src/hash/legacy_v3_sha224.o
LOAD STM32_Cryptographic/legacy_v3/src/hash/legacy_v3_sha256.o
LOAD STM32_Cryptographic/legacy_v3/src/hash/legacy_v3_sha384.o
LOAD STM32_Cryptographic/legacy_v3/src/hash/legacy_v3_sha512.o
LOAD STM32_Cryptographic/legacy_v3/src/mac/legacy_v3_cmac.o
LOAD STM32_Cryptographic/legacy_v3/src/mac/legacy_v3_hmac_sha1.o
LOAD STM32_Cryptographic/legacy_v3/src/mac/legacy_v3_hmac_sha224.o
LOAD STM32_Cryptographic/legacy_v3/src/mac/legacy_v3_hmac_sha256.o
LOAD STM32_Cryptographic/legacy_v3/src/mac/legacy_v3_hmac_sha384.o
LOAD STM32_Cryptographic/legacy_v3/src/mac/legacy_v3_hmac_sha512.o
LOAD STM32_Cryptographic/legacy_v3/src/membuf/legacy_v3_membuf.o
LOAD STM32_Cryptographic/legacy_v3/src/rsa/legacy_v3_rsa.o
LOAD C:\Users\HP\Documents\work_space\Embedded_Secure_Encryp_Comp\Bootloader\STM32_Cryptographic\lib\libSTM32Cryptographic_CM4.a
START GROUP
LOAD C:\Users\HP\Documents\work_space\Embedded_Secure_Encryp_Comp\Bootloader\STM32_Cryptographic\lib\libSTM32Cryptographic_CM4.a
END GROUP
START GROUP
LOAD c:/st/stm32cubeide_1.6.1/stm32cubeide/plugins/com.st.stm32cube.ide.mcu.externaltools.gnu-tools-for-stm32.9-2020-q2-update.win32_1.5.0.202011040924/tools/bin/../lib/gcc/arm-none-eabi/9.3.1/../../../../arm-none-eabi/lib/thumb/v7e-m+fp/hard\libc_nano.a
LOAD c:/st/stm32cubeide_1.6.1/stm32cubeide/plugins/com.st.stm32cube.ide.mcu.externaltools.gnu-tools-for-stm32.9-2020-q2-update.win32_1.5.0.202011040924/tools/bin/../lib/gcc/arm-none-eabi/9.3.1/../../../../arm-none-eabi/lib/thumb/v7e-m+fp/hard\libm.a
END GROUP
START GROUP
LOAD c:/st/stm32cubeide_1.6.1/stm32cubeide/plugins/com.st.stm32cube.ide.mcu.externaltools.gnu-tools-for-stm32.9-2020-q2-update.win32_1.5.0.202011040924/tools/bin/../lib/gcc/arm-none-eabi/9.3.1/thumb/v7e-m+fp/hard\libgcc.a
LOAD c:/st/stm32cubeide_1.6.1/stm32cubeide/plugins/com.st.stm32cube.ide.mcu.externaltools.gnu-tools-for-stm32.9-2020-q2-update.win32_1.5.0.202011040924/tools/bin/../lib/gcc/arm-none-eabi/9.3.1/../../../../arm-none-eabi/lib/thumb/v7e-m+fp/hard\libc_nano.a
END GROUP
START GROUP
LOAD c:/st/stm32cubeide_1.6.1/stm32cubeide/plugins/com.st.stm32cube.ide.mcu.externaltools.gnu-tools-for-stm32.9-2020-q2-update.win32_1.5.0.202011040924/tools/bin/../lib/gcc/arm-none-eabi/9.3.1/thumb/v7e-m+fp/hard\libgcc.a
LOAD c:/st/stm32cubeide_1.6.1/stm32cubeide/plugins/com.st.stm32cube.ide.mcu.externaltools.gnu-tools-for-stm32.9-2020-q2-update.win32_1.5.0.202011040924/tools/bin/../lib/gcc/arm-none-eabi/9.3.1/../../../../arm-none-eabi/lib/thumb/v7e-m+fp/hard\libc_nano.a
LOAD c:/st/stm32cubeide_1.6.1/stm32cubeide/plugins/com.st.stm32cube.ide.mcu.externaltools.gnu-tools-for-stm32.9-2020-q2-update.win32_1.5.0.202011040924/tools/bin/../lib/gcc/arm-none-eabi/9.3.1/../../../../arm-none-eabi/lib/thumb/v7e-m+fp/hard\libnosys.a
END GROUP
START GROUP
LOAD c:/st/stm32cubeide_1.6.1/stm32cubeide/plugins/com.st.stm32cube.ide.mcu.externaltools.gnu-tools-for-stm32.9-2020-q2-update.win32_1.5.0.202011040924/tools/bin/../lib/gcc/arm-none-eabi/9.3.1/thumb/v7e-m+fp/hard\libgcc.a
LOAD c:/st/stm32cubeide_1.6.1/stm32cubeide/plugins/com.st.stm32cube.ide.mcu.externaltools.gnu-tools-for-stm32.9-2020-q2-update.win32_1.5.0.202011040924/tools/bin/../lib/gcc/arm-none-eabi/9.3.1/../../../../arm-none-eabi/lib/thumb/v7e-m+fp/hard\libc_nano.a
LOAD c:/st/stm32cubeide_1.6.1/stm32cubeide/plugins/com.st.stm32cube.ide.mcu.externaltools.gnu-tools-for-stm32.9-2020-q2-update.win32_1.5.0.202011040924/tools/bin/../lib/gcc/arm-none-eabi/9.3.1/../../../../arm-none-eabi/lib/thumb/v7e-m+fp/hard\libnosys.a
END GROUP
LOAD c:/st/stm32cubeide_1.6.1/stm32cubeide/plugins/com.st.stm32cube.ide.mcu.externaltools.gnu-tools-for-stm32.9-2020-q2-update.win32_1.5.0.202011040924/tools/bin/../lib/gcc/arm-none-eabi/9.3.1/thumb/v7e-m+fp/hard/crtend.o
LOAD c:/st/stm32cubeide_1.6.1/stm32cubeide/plugins/com.st.stm32cube.ide.mcu.externaltools.gnu-tools-for-stm32.9-2020-q2-update.win32_1.5.0.202011040924/tools/bin/../lib/gcc/arm-none-eabi/9.3.1/thumb/v7e-m+fp/hard/crtn.o
                0x0000000020020000                _estack = (ORIGIN (RAM) + LENGTH (RAM))
                0x0000000000000200                _Min_Heap_Size = 0x200
                0x0000000000000400                _Min_Stack_Size = 0x400

.isr_vector     0x0000000008000000      0x198
                0x0000000008000000                . = ALIGN (0x4)
 *(.isr_vector)
 .isr_vector    0x0000000008000000      0x198 Core/Startup/startup_stm32f411retx.o
                0x0000000008000000                g_pfnVectors
                0x0000000008000198                . = ALIGN (0x4)

.text           0x0000000008000198     0x918c
                0x0000000008000198                . = ALIGN (0x4)
 *(.text)
 .text          0x0000000008000198       0x40 c:/st/stm32cubeide_1.6.1/stm32cubeide/plugins/com.st.stm32cube.ide.mcu.externaltools.gnu-tools-for-stm32.9-2020-q2-update.win32_1.5.0.202011040924/tools/bin/../lib/gcc/arm-none-eabi/9.3.1/thumb/v7e-m+fp/hard/crtbegin.o
 .text          0x00000000080001d8       0x10 C:\Users\HP\Documents\work_space\Embedded_Secure_Encryp_Comp\Bootloader\STM32_Cryptographic\lib\libSTM32Cryptographic_CM4.a(cmox_cipher.c.o)
                0x00000000080001d8                cmox_cipher_init
 .text          0x00000000080001e8       0x1c C:\Users\HP\Documents\work_space\Embedded_Secure_Encryp_Comp\Bootloader\STM32_Cryptographic\lib\libSTM32Cryptographic_CM4.a(cmox_cipher.c.o)
                0x00000000080001e8                cmox_cipher_setKey
 .text          0x0000000008000204       0x1c C:\Users\HP\Documents\work_space\Embedded_Secure_Encryp_Comp\Bootloader\STM32_Cryptographic\lib\libSTM32Cryptographic_CM4.a(cmox_cipher.c.o)
                0x0000000008000204                cmox_cipher_setIV
 .text          0x0000000008000220       0x10 C:\Users\HP\Documents\work_space\Embedded_Secure_Encryp_Comp\Bootloader\STM32_Cryptographic\lib\libSTM32Cryptographic_CM4.a(cmox_cipher.c.o)
                0x0000000008000220                cmox_cipher_setTagLen
 .text          0x0000000008000230       0x30 C:\Users\HP\Documents\work_space\Embedded_Secure_Encryp_Comp\Bootloader\STM32_Cryptographic\lib\libSTM32Cryptographic_CM4.a(cmox_cipher.c.o)
                0x0000000008000230                cmox_cipher_append
 .text          0x0000000008000260       0x1c C:\Users\HP\Documents\work_space\Embedded_Secure_Encryp_Comp\Bootloader\STM32_Cryptographic\lib\libSTM32Cryptographic_CM4.a(cmox_cipher.c.o)
                0x0000000008000260                cmox_cipher_verifyTag
 .text          0x000000000800027c       0xa2 C:\Users\HP\Documents\work_space\Embedded_Secure_Encryp_Comp\Bootloader\STM32_Cryptographic\lib\libSTM32Cryptographic_CM4.a(cmox_cipher.c.o)
 *fill*         0x000000000800031e        0x2 
 .text          0x0000000008000320       0x68 C:\Users\HP\Documents\work_space\Embedded_Secure_Encryp_Comp\Bootloader\STM32_Cryptographic\lib\libSTM32Cryptographic_CM4.a(cmox_cipher.c.o)
                0x0000000008000320                cmox_aead_innerDecrypt
 .text          0x0000000008000388      0x3c8 C:\Users\HP\Documents\work_space\Embedded_Secure_Encryp_Comp\Bootloader\STM32_Cryptographic\lib\libSTM32Cryptographic_CM4.a(cmox_cipher_modes.c.o)
                0x0000000008000388                cmox_cipherMode_setKey
 .text          0x0000000008000750        0x6 C:\Users\HP\Documents\work_space\Embedded_Secure_Encryp_Comp\Bootloader\STM32_Cryptographic\lib\libSTM32Cryptographic_CM4.a(cmox_cipher_modes.c.o)
                0x0000000008000750                cmox_cipher_setPayloadLen_empty
 .text          0x0000000008000756        0x6 C:\Users\HP\Documents\work_space\Embedded_Secure_Encryp_Comp\Bootloader\STM32_Cryptographic\lib\libSTM32Cryptographic_CM4.a(cmox_cipher_modes.c.o)
                0x0000000008000756                cmox_cipher_setADLen_empty
 .text          0x000000000800075c        0x8 C:\Users\HP\Documents\work_space\Embedded_Secure_Encryp_Comp\Bootloader\STM32_Cryptographic\lib\libSTM32Cryptographic_CM4.a(cmox_cipher_modes.c.o)
                0x000000000800075c                cmox_cipher_generateTag_empty
 .text          0x0000000008000764        0x8 C:\Users\HP\Documents\work_space\Embedded_Secure_Encryp_Comp\Bootloader\STM32_Cryptographic\lib\libSTM32Cryptographic_CM4.a(cmox_cipher_modes.c.o)
 .text          0x000000000800076c       0x2c C:\Users\HP\Documents\work_space\Embedded_Secure_Encryp_Comp\Bootloader\STM32_Cryptographic\lib\libSTM32Cryptographic_CM4.a(cmox_ecc.c.o)
                0x000000000800076c                cmox_ecc_construct
 .text          0x0000000008000798       0x18 C:\Users\HP\Documents\work_space\Embedded_Secure_Encryp_Comp\Bootloader\STM32_Cryptographic\lib\libSTM32Cryptographic_CM4.a(cmox_ecc.c.o)
                0x0000000008000798                cmox_ecc_cleanup
 .text          0x00000000080007b0       0x5c C:\Users\HP\Documents\work_space\Embedded_Secure_Encryp_Comp\Bootloader\STM32_Cryptographic\lib\libSTM32Cryptographic_CM4.a(cmox_ecc.c.o)
                0x00000000080007b0                cmox_ECC_InvertModN
 .text          0x000000000800080c       0x1c C:\Users\HP\Documents\work_space\Embedded_Secure_Encryp_Comp\Bootloader\STM32_Cryptographic\lib\libSTM32Cryptographic_CM4.a(cmox_ecc.c.o)
                0x000000000800080c                cmox_ECC_InitCurve
 .text          0x0000000008000828       0x10 C:\Users\HP\Documents\work_space\Embedded_Secure_Encryp_Comp\Bootloader\STM32_Cryptographic\lib\libSTM32Cryptographic_CM4.a(cmox_ecc.c.o)
                0x0000000008000828                cmox_ECC_InitCurveModDomainP
 .text          0x0000000008000838       0x10 C:\Users\HP\Documents\work_space\Embedded_Secure_Encryp_Comp\Bootloader\STM32_Cryptographic\lib\libSTM32Cryptographic_CM4.a(cmox_ecc.c.o)
                0x0000000008000838                cmox_ECC_InitCurveModDomainN
 .text          0x0000000008000848        0x6 C:\Users\HP\Documents\work_space\Embedded_Secure_Encryp_Comp\Bootloader\STM32_Cryptographic\lib\libSTM32Cryptographic_CM4.a(cmox_ecc.c.o)
                0x0000000008000848                cmox_ECC_DeInitCurveModDomain
 .text          0x000000000800084e       0xb8 C:\Users\HP\Documents\work_space\Embedded_Secure_Encryp_Comp\Bootloader\STM32_Cryptographic\lib\libSTM32Cryptographic_CM4.a(cmox_ecc.c.o)
                0x000000000800084e                cmox_ECC_AllocPoint
 .text          0x0000000008000906       0x60 C:\Users\HP\Documents\work_space\Embedded_Secure_Encryp_Comp\Bootloader\STM32_Cryptographic\lib\libSTM32Cryptographic_CM4.a(cmox_ecc.c.o)
                0x0000000008000906                cmox_ECC_FreePoint
 *fill*         0x0000000008000966        0x2 
 .text          0x0000000008000968     0x1ba2 C:\Users\HP\Documents\work_space\Embedded_Secure_Encryp_Comp\Bootloader\STM32_Cryptographic\lib\libSTM32Cryptographic_CM4.a(cmox_ecc.c.o)
                0x0000000008000968                cmox_ECC_CondCopyPoint
                0x00000000080009ce                cmox_ECC_CondSymmetricPoint
                0x0000000008000a1c                cmox_ECC_SetPointAtInfinity
                0x0000000008000aa2                cmox_ECC_CondImportPoint
                0x0000000008000b9c                cmox_ECC_PointToModularDomain
                0x0000000008000bf0                cmox_ECC_PointFromModularDomain
                0x0000000008000c4c                cmox_ECC_PointValidation
                0x0000000008000db4                cmox_ECC_PointToAffine
                0x0000000008000f88                cmox_ECC_EDW_DecPoint_ed25519
                0x0000000008001246                cmox_ECC_EDW_DecPoint_ed448
                0x00000000080014a2                cmox_ECC_MONTY_Clamping
                0x0000000008001502                cmox_ECC_SW_AddPoints_JacoAff
                0x000000000800168a                cmox_ECC_SW_AddPoints_Jacobian
                0x000000000800180c                cmox_ECC_SW_DblPoint_Jac_a3
                0x0000000008001940                cmox_ECC_SW_DblPoint_Jacobian
                0x0000000008001b0c                cmox_ECC_EDW_AddPoints_ProjAff
                0x0000000008001c66                cmox_ECC_EDW_AddPoints_Proj
                0x0000000008001dc8                cmox_ECC_EDW_DblPoint_Proj
                0x0000000008001eea                cmox_ECC_EDW_AddPnts_ExtAff_a_1
                0x0000000008002018                cmox_ECC_EDW_AddPoints_Ext_a_1
                0x000000000800214e                cmox_ECC_EDW_DblPoint_Ext_a_1
                0x0000000008002282                cmox_ECC_MONTY_Ladder_XzAff
                0x00000000080023b0                cmox_ECC_CompleteMADD
                0x000000000800245a                cmox_ECC_CompleteADD
 .text          0x000000000800250a       0x3e C:\Users\HP\Documents\work_space\Embedded_Secure_Encryp_Comp\Bootloader\STM32_Cryptographic\lib\libSTM32Cryptographic_CM4.a(cmox_ecc.c.o)
                0x000000000800250a                cmox_ECC_CompleteDBL
 .text          0x0000000008002548        0x8 C:\Users\HP\Documents\work_space\Embedded_Secure_Encryp_Comp\Bootloader\STM32_Cryptographic\lib\libSTM32Cryptographic_CM4.a(cmox_ecc.c.o)
 .text          0x0000000008002550      0x2e8 C:\Users\HP\Documents\work_space\Embedded_Secure_Encryp_Comp\Bootloader\STM32_Cryptographic\lib\libSTM32Cryptographic_CM4.a(cmox_ecdsa.c.o)
                0x0000000008002550                cmox_ecdsa_verify
 .text          0x0000000008002838       0x68 C:\Users\HP\Documents\work_space\Embedded_Secure_Encryp_Comp\Bootloader\STM32_Cryptographic\lib\libSTM32Cryptographic_CM4.a(cmox_gcm_fast_aesfast_decrypt.c.o)
 .text          0x00000000080028a0      0x198 C:\Users\HP\Documents\work_space\Embedded_Secure_Encryp_Comp\Bootloader\STM32_Cryptographic\lib\libSTM32Cryptographic_CM4.a(cmox_gcm_fast_common.c.o)
 .text          0x0000000008002a38       0x24 C:\Users\HP\Documents\work_space\Embedded_Secure_Encryp_Comp\Bootloader\STM32_Cryptographic\lib\libSTM32Cryptographic_CM4.a(cmox_gcm_fast_common.c.o)
                0x0000000008002a38                cmox_gcmFast_cleanup
 .text          0x0000000008002a5c       0x28 C:\Users\HP\Documents\work_space\Embedded_Secure_Encryp_Comp\Bootloader\STM32_Cryptographic\lib\libSTM32Cryptographic_CM4.a(cmox_gcm_fast_common.c.o)
                0x0000000008002a5c                cmox_gcmFast_init
 .text          0x0000000008002a84      0x29c C:\Users\HP\Documents\work_space\Embedded_Secure_Encryp_Comp\Bootloader\STM32_Cryptographic\lib\libSTM32Cryptographic_CM4.a(cmox_gcm_fast_common.c.o)
                0x0000000008002a84                cmox_gcmFast_setKey
 .text          0x0000000008002d20       0x3c C:\Users\HP\Documents\work_space\Embedded_Secure_Encryp_Comp\Bootloader\STM32_Cryptographic\lib\libSTM32Cryptographic_CM4.a(cmox_gcm_fast_common.c.o)
                0x0000000008002d20                cmox_gcmFast_setIV
 .text          0x0000000008002d5c       0x2c C:\Users\HP\Documents\work_space\Embedded_Secure_Encryp_Comp\Bootloader\STM32_Cryptographic\lib\libSTM32Cryptographic_CM4.a(cmox_gcm_fast_common.c.o)
                0x0000000008002d5c                cmox_gcmFast_setTagLen
 .text          0x0000000008002d88       0x40 C:\Users\HP\Documents\work_space\Embedded_Secure_Encryp_Comp\Bootloader\STM32_Cryptographic\lib\libSTM32Cryptographic_CM4.a(cmox_gcm_fast_common.c.o)
                0x0000000008002d88                cmox_gcmFast_appendAD
 .text          0x0000000008002dc8        0xa C:\Users\HP\Documents\work_space\Embedded_Secure_Encryp_Comp\Bootloader\STM32_Cryptographic\lib\libSTM32Cryptographic_CM4.a(cmox_gcm_fast_common.c.o)
                0x0000000008002dc8                cmox_gcmFast_getByCipher
 .text          0x0000000008002dd2       0x16 C:\Users\HP\Documents\work_space\Embedded_Secure_Encryp_Comp\Bootloader\STM32_Cryptographic\lib\libSTM32Cryptographic_CM4.a(cmox_gcm_fast_common.c.o)
                0x0000000008002dd2                cmox_gcmFast_construct
 .text          0x0000000008002de8        0xc C:\Users\HP\Documents\work_space\Embedded_Secure_Encryp_Comp\Bootloader\STM32_Cryptographic\lib\libSTM32Cryptographic_CM4.a(cmox_gcm_fast_decrypt.c.o)
 .text          0x0000000008002df4        0xc C:\Users\HP\Documents\work_space\Embedded_Secure_Encryp_Comp\Bootloader\STM32_Cryptographic\lib\libSTM32Cryptographic_CM4.a(cmox_gcm_fast_decrypt.c.o)
 .text          0x0000000008002e00        0xc C:\Users\HP\Documents\work_space\Embedded_Secure_Encryp_Comp\Bootloader\STM32_Cryptographic\lib\libSTM32Cryptographic_CM4.a(cmox_gcm_fast_decrypt.c.o)
 .text          0x0000000008002e0c        0xc C:\Users\HP\Documents\work_space\Embedded_Secure_Encryp_Comp\Bootloader\STM32_Cryptographic\lib\libSTM32Cryptographic_CM4.a(cmox_gcm_fast_decrypt.c.o)
 .text          0x0000000008002e18        0xc C:\Users\HP\Documents\work_space\Embedded_Secure_Encryp_Comp\Bootloader\STM32_Cryptographic\lib\libSTM32Cryptographic_CM4.a(cmox_gcm_fast_decrypt.c.o)
 .text          0x0000000008002e24        0xc C:\Users\HP\Documents\work_space\Embedded_Secure_Encryp_Comp\Bootloader\STM32_Cryptographic\lib\libSTM32Cryptographic_CM4.a(cmox_gcm_fast_decrypt.c.o)
 .text          0x0000000008002e30       0x44 C:\Users\HP\Documents\work_space\Embedded_Secure_Encryp_Comp\Bootloader\STM32_Cryptographic\lib\libSTM32Cryptographic_CM4.a(cmox_gcm_fast_decrypt.c.o)
 .text          0x0000000008002e74       0x3c C:\Users\HP\Documents\work_space\Embedded_Secure_Encryp_Comp\Bootloader\STM32_Cryptographic\lib\libSTM32Cryptographic_CM4.a(cmox_gcm_fast_decrypt.c.o)
 .text          0x0000000008002eb0       0x1c C:\Users\HP\Documents\work_space\Embedded_Secure_Encryp_Comp\Bootloader\STM32_Cryptographic\lib\libSTM32Cryptographic_CM4.a(cmox_gcm_fast_decrypt.c.o)
                0x0000000008002eb0                cmox_gcmFastDecrypt_construct
 .text          0x0000000008002ecc       0x20 C:\Users\HP\Documents\work_space\Embedded_Secure_Encryp_Comp\Bootloader\STM32_Cryptographic\lib\libSTM32Cryptographic_CM4.a(cmox_hash.c.o)
                0x0000000008002ecc                cmox_hash_cleanup
 .text          0x0000000008002eec       0x20 C:\Users\HP\Documents\work_space\Embedded_Secure_Encryp_Comp\Bootloader\STM32_Cryptographic\lib\libSTM32Cryptographic_CM4.a(cmox_hash.c.o)
                0x0000000008002eec                cmox_hash_init
 .text          0x0000000008002f0c       0x24 C:\Users\HP\Documents\work_space\Embedded_Secure_Encryp_Comp\Bootloader\STM32_Cryptographic\lib\libSTM32Cryptographic_CM4.a(cmox_hash.c.o)
                0x0000000008002f0c                cmox_hash_setTagLen
 .text          0x0000000008002f30       0x24 C:\Users\HP\Documents\work_space\Embedded_Secure_Encryp_Comp\Bootloader\STM32_Cryptographic\lib\libSTM32Cryptographic_CM4.a(cmox_hash.c.o)
                0x0000000008002f30                cmox_hash_append
 .text          0x0000000008002f54       0x24 C:\Users\HP\Documents\work_space\Embedded_Secure_Encryp_Comp\Bootloader\STM32_Cryptographic\lib\libSTM32Cryptographic_CM4.a(cmox_hash.c.o)
                0x0000000008002f54                cmox_hash_generateTag
 .text          0x0000000008002f78       0x5c C:\Users\HP\Documents\work_space\Embedded_Secure_Encryp_Comp\Bootloader\STM32_Cryptographic\lib\libSTM32Cryptographic_CM4.a(cmox_hash.c.o)
                0x0000000008002f78                cmox_hash_common_compute
 .text          0x0000000008002fd4       0x16 C:\Users\HP\Documents\work_space\Embedded_Secure_Encryp_Comp\Bootloader\STM32_Cryptographic\lib\libSTM32Cryptographic_CM4.a(cmox_math.c.o)
                0x0000000008002fd4                cmox_red_fake_copy_in_to_out
 .text          0x0000000008002fea       0x38 C:\Users\HP\Documents\work_space\Embedded_Secure_Encryp_Comp\Bootloader\STM32_Cryptographic\lib\libSTM32Cryptographic_CM4.a(cmox_math.c.o)
 .text          0x0000000008003022       0x56 C:\Users\HP\Documents\work_space\Embedded_Secure_Encryp_Comp\Bootloader\STM32_Cryptographic\lib\libSTM32Cryptographic_CM4.a(cmox_math.c.o)
                0x0000000008003022                cmox_RightShiftBN
 .text          0x0000000008003078      0x122 C:\Users\HP\Documents\work_space\Embedded_Secure_Encryp_Comp\Bootloader\STM32_Cryptographic\lib\libSTM32Cryptographic_CM4.a(cmox_math.c.o)
                0x0000000008003078                cmox_ModAddBN
 .text          0x000000000800319a       0xfe C:\Users\HP\Documents\work_space\Embedded_Secure_Encryp_Comp\Bootloader\STM32_Cryptographic\lib\libSTM32Cryptographic_CM4.a(cmox_math.c.o)
                0x000000000800319a                cmox_ModSubBN
 .text          0x0000000008003298       0x68 C:\Users\HP\Documents\work_space\Embedded_Secure_Encryp_Comp\Bootloader\STM32_Cryptographic\lib\libSTM32Cryptographic_CM4.a(cmox_math.c.o)
                0x0000000008003298                cmox_SubBN
 .text          0x0000000008003300       0x3e C:\Users\HP\Documents\work_space\Embedded_Secure_Encryp_Comp\Bootloader\STM32_Cryptographic\lib\libSTM32Cryptographic_CM4.a(cmox_math.c.o)
                0x0000000008003300                cmox_AddBN_Int
 .text          0x000000000800333e       0xa4 C:\Users\HP\Documents\work_space\Embedded_Secure_Encryp_Comp\Bootloader\STM32_Cryptographic\lib\libSTM32Cryptographic_CM4.a(cmox_math.c.o)
                0x000000000800333e                cmox_FieldBN_Div2
 .text          0x00000000080033e2       0xbe C:\Users\HP\Documents\work_space\Embedded_Secure_Encryp_Comp\Bootloader\STM32_Cryptographic\lib\libSTM32Cryptographic_CM4.a(cmox_math.c.o)
                0x00000000080033e2                cmox_FieldBN_Mul2
 .text          0x00000000080034a0       0x5c C:\Users\HP\Documents\work_space\Embedded_Secure_Encryp_Comp\Bootloader\STM32_Cryptographic\lib\libSTM32Cryptographic_CM4.a(cmox_math.c.o)
                0x00000000080034a0                cmox_FieldBN_CondNegate
 .text          0x00000000080034fc       0x32 C:\Users\HP\Documents\work_space\Embedded_Secure_Encryp_Comp\Bootloader\STM32_Cryptographic\lib\libSTM32Cryptographic_CM4.a(cmox_math.c.o)
                0x00000000080034fc                cmox_ModularBN_InitWithR2
 .text          0x000000000800352e       0x10 C:\Users\HP\Documents\work_space\Embedded_Secure_Encryp_Comp\Bootloader\STM32_Cryptographic\lib\libSTM32Cryptographic_CM4.a(cmox_math.c.o)
                0x000000000800352e                cmox_ModularBN_Enter
 .text          0x000000000800353e       0x44 C:\Users\HP\Documents\work_space\Embedded_Secure_Encryp_Comp\Bootloader\STM32_Cryptographic\lib\libSTM32Cryptographic_CM4.a(cmox_math.c.o)
                0x000000000800353e                cmox_ModularBN_Exit
 .text          0x0000000008003582       0x46 C:\Users\HP\Documents\work_space\Embedded_Secure_Encryp_Comp\Bootloader\STM32_Cryptographic\lib\libSTM32Cryptographic_CM4.a(cmox_math.c.o)
                0x0000000008003582                cmox_ModularBN_Mul
 .text          0x00000000080035c8       0x42 C:\Users\HP\Documents\work_space\Embedded_Secure_Encryp_Comp\Bootloader\STM32_Cryptographic\lib\libSTM32Cryptographic_CM4.a(cmox_math.c.o)
                0x00000000080035c8                cmox_ModularBN_Sqr
 .text          0x000000000800360a       0x18 C:\Users\HP\Documents\work_space\Embedded_Secure_Encryp_Comp\Bootloader\STM32_Cryptographic\lib\libSTM32Cryptographic_CM4.a(cmox_math.c.o)
                0x000000000800360a                cmox_ModularBN_DeinitWithR2
 .text          0x0000000008003622       0x18 C:\Users\HP\Documents\work_space\Embedded_Secure_Encryp_Comp\Bootloader\STM32_Cryptographic\lib\libSTM32Cryptographic_CM4.a(cmox_math_armv7em_llf.c.o)
                0x0000000008003622                cmox_asm_montymul__sqr
 .text          0x000000000800363a        0xa C:\Users\HP\Documents\work_space\Embedded_Secure_Encryp_Comp\Bootloader\STM32_Cryptographic\lib\libSTM32Cryptographic_CM4.a(cmox_mathutils.c.o)
                0x000000000800363a                cmox_mathUtils_mux
 .text          0x0000000008003644        0x6 C:\Users\HP\Documents\work_space\Embedded_Secure_Encryp_Comp\Bootloader\STM32_Cryptographic\lib\libSTM32Cryptographic_CM4.a(cmox_mathutils.c.o)
                0x0000000008003644                cmox_mathUtils_not
 .text          0x000000000800364a        0xa C:\Users\HP\Documents\work_space\Embedded_Secure_Encryp_Comp\Bootloader\STM32_Cryptographic\lib\libSTM32Cryptographic_CM4.a(cmox_mathutils.c.o)
                0x000000000800364a                cmox_mathUtils_neq
 .text          0x0000000008003654        0xe C:\Users\HP\Documents\work_space\Embedded_Secure_Encryp_Comp\Bootloader\STM32_Cryptographic\lib\libSTM32Cryptographic_CM4.a(cmox_mathutils.c.o)
                0x0000000008003654                cmox_mathUtils_gt
 .text          0x0000000008003662       0x24 C:\Users\HP\Documents\work_space\Embedded_Secure_Encryp_Comp\Bootloader\STM32_Cryptographic\lib\libSTM32Cryptographic_CM4.a(cmox_mathutils.c.o)
                0x0000000008003662                cmox_mathUtils_bitLength
 .text          0x0000000008003686       0x10 C:\Users\HP\Documents\work_space\Embedded_Secure_Encryp_Comp\Bootloader\STM32_Cryptographic\lib\libSTM32Cryptographic_CM4.a(cmox_mathutils.c.o)
                0x0000000008003686                cmox_mathUtils_abs
 .text          0x0000000008003696       0x20 C:\Users\HP\Documents\work_space\Embedded_Secure_Encryp_Comp\Bootloader\STM32_Cryptographic\lib\libSTM32Cryptographic_CM4.a(cmox_membuf.c.o)
                0x0000000008003696                cmox_membuf_init
                0x0000000008003698                cmox_membuf_set
                0x00000000080036ac                cmox_membuf_getFree
 .text          0x00000000080036b6       0x3e C:\Users\HP\Documents\work_space\Embedded_Secure_Encryp_Comp\Bootloader\STM32_Cryptographic\lib\libSTM32Cryptographic_CM4.a(cmox_membuf.c.o)
                0x00000000080036b6                cmox_membuf_alloc
 .text          0x00000000080036f4       0x2a C:\Users\HP\Documents\work_space\Embedded_Secure_Encryp_Comp\Bootloader\STM32_Cryptographic\lib\libSTM32Cryptographic_CM4.a(cmox_membuf.c.o)
                0x00000000080036f4                cmox_membuf_free
 .text          0x000000000800371e       0x1a C:\Users\HP\Documents\work_space\Embedded_Secure_Encryp_Comp\Bootloader\STM32_Cryptographic\lib\libSTM32Cryptographic_CM4.a(cmox_membuf.c.o)
                0x000000000800371e                cmox_membuf_cleanup
 .text          0x0000000008003738      0x23c C:\Users\HP\Documents\work_space\Embedded_Secure_Encryp_Comp\Bootloader\STM32_Cryptographic\lib\libSTM32Cryptographic_CM4.a(cmox_modexp.c.o)
                0x0000000008003748                cmox_ModExpBN_SW
 .text          0x0000000008003974      0x3f8 C:\Users\HP\Documents\work_space\Embedded_Secure_Encryp_Comp\Bootloader\STM32_Cryptographic\lib\libSTM32Cryptographic_CM4.a(cmox_scalarmul.c.o)
 .text          0x0000000008003d6c      0x3ac C:\Users\HP\Documents\work_space\Embedded_Secure_Encryp_Comp\Bootloader\STM32_Cryptographic\lib\libSTM32Cryptographic_CM4.a(cmox_scalarmul.c.o)
 .text          0x0000000008004118      0x67c C:\Users\HP\Documents\work_space\Embedded_Secure_Encryp_Comp\Bootloader\STM32_Cryptographic\lib\libSTM32Cryptographic_CM4.a(cmox_scalarmul.c.o)
 .text          0x0000000008004794       0xb2 C:\Users\HP\Documents\work_space\Embedded_Secure_Encryp_Comp\Bootloader\STM32_Cryptographic\lib\libSTM32Cryptographic_CM4.a(cmox_scalarmul.c.o)
 *fill*         0x0000000008004846        0x2 
 .text          0x0000000008004848       0x2c C:\Users\HP\Documents\work_space\Embedded_Secure_Encryp_Comp\Bootloader\STM32_Cryptographic\lib\libSTM32Cryptographic_CM4.a(cmox_sha256.c.o)
 .text          0x0000000008004874       0x40 C:\Users\HP\Documents\work_space\Embedded_Secure_Encryp_Comp\Bootloader\STM32_Cryptographic\lib\libSTM32Cryptographic_CM4.a(cmox_sha256.c.o)
 .text          0x00000000080048b4       0x20 C:\Users\HP\Documents\work_space\Embedded_Secure_Encryp_Comp\Bootloader\STM32_Cryptographic\lib\libSTM32Cryptographic_CM4.a(cmox_sha256.c.o)
 .text          0x00000000080048d4       0x30 C:\Users\HP\Documents\work_space\Embedded_Secure_Encryp_Comp\Bootloader\STM32_Cryptographic\lib\libSTM32Cryptographic_CM4.a(cmox_sha256.c.o)
 .text          0x0000000008004904       0x30 C:\Users\HP\Documents\work_space\Embedded_Secure_Encryp_Comp\Bootloader\STM32_Cryptographic\lib\libSTM32Cryptographic_CM4.a(cmox_sha256.c.o)
 .text          0x0000000008004934       0x70 C:\Users\HP\Documents\work_space\Embedded_Secure_Encryp_Comp\Bootloader\STM32_Cryptographic\lib\libSTM32Cryptographic_CM4.a(cmox_sha256.c.o)
 .text          0x00000000080049a4       0x28 C:\Users\HP\Documents\work_space\Embedded_Secure_Encryp_Comp\Bootloader\STM32_Cryptographic\lib\libSTM32Cryptographic_CM4.a(cmox_sha256.c.o)
                0x00000000080049a4                cmox_sha256_construct
 .text          0x00000000080049cc      0x1ec C:\Users\HP\Documents\work_space\Embedded_Secure_Encryp_Comp\Bootloader\STM32_Cryptographic\lib\libSTM32Cryptographic_CM4.a(cmox_sha256_common.c.o)
 .text          0x0000000008004bb8       0x30 C:\Users\HP\Documents\work_space\Embedded_Secure_Encryp_Comp\Bootloader\STM32_Cryptographic\lib\libSTM32Cryptographic_CM4.a(cmox_utils_compare.c.o)
 .text          0x0000000008004be8       0x36 C:\Users\HP\Documents\work_space\Embedded_Secure_Encryp_Comp\Bootloader\STM32_Cryptographic\lib\libSTM32Cryptographic_CM4.a(cmox_utils_compare.c.o)
 .text          0x0000000008004c1e       0x94 C:\Users\HP\Documents\work_space\Embedded_Secure_Encryp_Comp\Bootloader\STM32_Cryptographic\lib\libSTM32Cryptographic_CM4.a(cmox_utils_compare.c.o)
 .text          0x0000000008004cb2       0x88 C:\Users\HP\Documents\work_space\Embedded_Secure_Encryp_Comp\Bootloader\STM32_Cryptographic\lib\libSTM32Cryptographic_CM4.a(cmox_utils_compare.c.o)
 .text          0x0000000008004d3a       0x96 C:\Users\HP\Documents\work_space\Embedded_Secure_Encryp_Comp\Bootloader\STM32_Cryptographic\lib\libSTM32Cryptographic_CM4.a(cmox_utils_compare.c.o)
 .text          0x0000000008004dd0       0x8c C:\Users\HP\Documents\work_space\Embedded_Secure_Encryp_Comp\Bootloader\STM32_Cryptographic\lib\libSTM32Cryptographic_CM4.a(cmox_utils_compare.c.o)
 .text          0x0000000008004e5c       0xfc C:\Users\HP\Documents\work_space\Embedded_Secure_Encryp_Comp\Bootloader\STM32_Cryptographic\lib\libSTM32Cryptographic_CM4.a(cmox_utils_compare.c.o)
                0x0000000008004e68                cmox_utils_robustCmp
 .text          0x0000000008004f58      0x2cc C:\Users\HP\Documents\work_space\Embedded_Secure_Encryp_Comp\Bootloader\STM32_Cryptographic\lib\libSTM32Cryptographic_CM4.a(cmox_aesfast_encrypt.c.o)
 .text          0x0000000008005224       0x16 C:\Users\HP\Documents\work_space\Embedded_Secure_Encryp_Comp\Bootloader\STM32_Cryptographic\lib\libSTM32Cryptographic_CM4.a(cmox_bn.c.o)
                0x0000000008005224                cmox_bn_alloc
 .text          0x000000000800523a       0x16 C:\Users\HP\Documents\work_space\Embedded_Secure_Encryp_Comp\Bootloader\STM32_Cryptographic\lib\libSTM32Cryptographic_CM4.a(cmox_bn.c.o)
                0x000000000800523a                cmox_bn_free
 .text          0x0000000008005250       0x42 C:\Users\HP\Documents\work_space\Embedded_Secure_Encryp_Comp\Bootloader\STM32_Cryptographic\lib\libSTM32Cryptographic_CM4.a(cmox_bn.c.o)
                0x0000000008005250                cmox_bn_import
 .text          0x0000000008005292       0x1e C:\Users\HP\Documents\work_space\Embedded_Secure_Encryp_Comp\Bootloader\STM32_Cryptographic\lib\libSTM32Cryptographic_CM4.a(cmox_bn.c.o)
                0x0000000008005292                cmox_bn_init
 .text          0x00000000080052b0       0x70 C:\Users\HP\Documents\work_space\Embedded_Secure_Encryp_Comp\Bootloader\STM32_Cryptographic\lib\libSTM32Cryptographic_CM4.a(cmox_bn.c.o)
                0x00000000080052b0                cmox_bn_cCopy
 .text          0x0000000008005320        0xa C:\Users\HP\Documents\work_space\Embedded_Secure_Encryp_Comp\Bootloader\STM32_Cryptographic\lib\libSTM32Cryptographic_CM4.a(cmox_bn.c.o)
                0x0000000008005320                cmox_bn_mux
 .text          0x000000000800532a       0x82 C:\Users\HP\Documents\work_space\Embedded_Secure_Encryp_Comp\Bootloader\STM32_Cryptographic\lib\libSTM32Cryptographic_CM4.a(cmox_bn.c.o)
                0x000000000800532a                cmox_bn_cmp
 .text          0x00000000080053ac       0x2c C:\Users\HP\Documents\work_space\Embedded_Secure_Encryp_Comp\Bootloader\STM32_Cryptographic\lib\libSTM32Cryptographic_CM4.a(cmox_bn.c.o)
                0x00000000080053ac                cmox_bn_cmpUint
 .text          0x00000000080053d8       0x32 C:\Users\HP\Documents\work_space\Embedded_Secure_Encryp_Comp\Bootloader\STM32_Cryptographic\lib\libSTM32Cryptographic_CM4.a(cmox_bn.c.o)
                0x00000000080053d8                cmox_bn_countBits
 .text          0x000000000800540a       0x48 C:\Users\HP\Documents\work_space\Embedded_Secure_Encryp_Comp\Bootloader\STM32_Cryptographic\lib\libSTM32Cryptographic_CM4.a(cmox_bn.c.o)
                0x000000000800540a                cmox_bn_getBits
 .text          0x0000000008005452       0x96 C:\Users\HP\Documents\work_space\Embedded_Secure_Encryp_Comp\Bootloader\STM32_Cryptographic\lib\libSTM32Cryptographic_CM4.a(cmox_bn.c.o)
                0x0000000008005452                cmox_bn_setBits
 .text          0x00000000080054e8       0x86 C:\Users\HP\Documents\work_space\Embedded_Secure_Encryp_Comp\Bootloader\STM32_Cryptographic\lib\libSTM32Cryptographic_CM4.a(cmox_bn.c.o)
                0x00000000080054e8                cmox_bn_fromU8BE
 .text          0x000000000800556e       0x98 C:\Users\HP\Documents\work_space\Embedded_Secure_Encryp_Comp\Bootloader\STM32_Cryptographic\lib\libSTM32Cryptographic_CM4.a(cmox_bn.c.o)
                0x000000000800556e                cmox_bn_fromU8LE
 .text          0x0000000008005606       0x24 C:\Users\HP\Documents\work_space\Embedded_Secure_Encryp_Comp\Bootloader\STM32_Cryptographic\lib\libSTM32Cryptographic_CM4.a(cmox_gcm_common.c.o)
                0x0000000008005606                poly_xor
 .text          0x000000000800562a       0x12 C:\Users\HP\Documents\work_space\Embedded_Secure_Encryp_Comp\Bootloader\STM32_Cryptographic\lib\libSTM32Cryptographic_CM4.a(cmox_gcm_common.c.o)
                0x000000000800562a                poly_copy
 .text          0x000000000800563c       0x3a C:\Users\HP\Documents\work_space\Embedded_Secure_Encryp_Comp\Bootloader\STM32_Cryptographic\lib\libSTM32Cryptographic_CM4.a(cmox_gcm_common.c.o)
                0x000000000800563c                gfmul_x
 *fill*         0x0000000008005676        0x2 
 .text          0x0000000008005678       0x40 C:\Users\HP\Documents\work_space\Embedded_Secure_Encryp_Comp\Bootloader\STM32_Cryptographic\lib\libSTM32Cryptographic_CM4.a(cmox_gcm_common.c.o)
                0x0000000008005678                gfmul_x4
 .text          0x00000000080056b8       0x48 C:\Users\HP\Documents\work_space\Embedded_Secure_Encryp_Comp\Bootloader\STM32_Cryptographic\lib\libSTM32Cryptographic_CM4.a(cmox_gcm_common.c.o)
                0x00000000080056d8                cmox_gcm_initCommon
 .text          0x0000000008005700       0xea C:\Users\HP\Documents\work_space\Embedded_Secure_Encryp_Comp\Bootloader\STM32_Cryptographic\lib\libSTM32Cryptographic_CM4.a(cmox_gcm_common.c.o)
                0x0000000008005700                cmox_gcm_appendAD_common
 .text          0x00000000080057ea       0x6a C:\Users\HP\Documents\work_space\Embedded_Secure_Encryp_Comp\Bootloader\STM32_Cryptographic\lib\libSTM32Cryptographic_CM4.a(cmox_gcm_common.c.o)
 .text          0x0000000008005854      0x1a8 C:\Users\HP\Documents\work_space\Embedded_Secure_Encryp_Comp\Bootloader\STM32_Cryptographic\lib\libSTM32Cryptographic_CM4.a(cmox_gcm_common.c.o)
                0x0000000008005854                cmox_gcm_decrypt_common
 .text          0x00000000080059fc       0x74 C:\Users\HP\Documents\work_space\Embedded_Secure_Encryp_Comp\Bootloader\STM32_Cryptographic\lib\libSTM32Cryptographic_CM4.a(cmox_gcm_common.c.o)
                0x00000000080059fc                cmox_gcm_decrypt_verify_common
 .text          0x0000000008005a70       0xd6 C:\Users\HP\Documents\work_space\Embedded_Secure_Encryp_Comp\Bootloader\STM32_Cryptographic\lib\libSTM32Cryptographic_CM4.a(cmox_math_armv7em_ewarm_mm-fios.s.o)
                0x0000000008005a70                cmox_asm_montymul
 .text          0x0000000008005b46       0xbe C:\Users\HP\Documents\work_space\Embedded_Secure_Encryp_Comp\Bootloader\STM32_Cryptographic\lib\libSTM32Cryptographic_CM4.a(cmox_math_armv7em_ewarm_montyred.s.o)
                0x0000000008005b46                cmox_asm_montyred
 .text          0x0000000008005c04       0x58 C:\Users\HP\Documents\work_space\Embedded_Secure_Encryp_Comp\Bootloader\STM32_Cryptographic\lib\libSTM32Cryptographic_CM4.a(cmox_math_armv7em_ewarm_mul-os.s.o)
                0x0000000008005c04                cmox_asm_mul
 .text          0x0000000008005c5c        0x8 C:\Users\HP\Documents\work_space\Embedded_Secure_Encryp_Comp\Bootloader\STM32_Cryptographic\lib\libSTM32Cryptographic_CM4.a(cmox_md.c.o)
                0x0000000008005c5c                cmox_md_updateState_small
 .text          0x0000000008005c64       0x44 C:\Users\HP\Documents\work_space\Embedded_Secure_Encryp_Comp\Bootloader\STM32_Cryptographic\lib\libSTM32Cryptographic_CM4.a(cmox_md.c.o)
                0x0000000008005c64                cmox_md_copyLastState_small
 .text          0x0000000008005ca8       0x1a C:\Users\HP\Documents\work_space\Embedded_Secure_Encryp_Comp\Bootloader\STM32_Cryptographic\lib\libSTM32Cryptographic_CM4.a(cmox_md.c.o)
                0x0000000008005ca8                cmox_md_padMsgLen_small
 .text          0x0000000008005cc2        0x8 C:\Users\HP\Documents\work_space\Embedded_Secure_Encryp_Comp\Bootloader\STM32_Cryptographic\lib\libSTM32Cryptographic_CM4.a(cmox_md.c.o)
                0x0000000008005cc2                cmox_md_construct
 .text          0x0000000008005cca       0x1e C:\Users\HP\Documents\work_space\Embedded_Secure_Encryp_Comp\Bootloader\STM32_Cryptographic\lib\libSTM32Cryptographic_CM4.a(cmox_md.c.o)
                0x0000000008005cca                cmox_md_init
 .text          0x0000000008005ce8        0x8 C:\Users\HP\Documents\work_space\Embedded_Secure_Encryp_Comp\Bootloader\STM32_Cryptographic\lib\libSTM32Cryptographic_CM4.a(cmox_md.c.o)
                0x0000000008005ce8                cmox_md_setTagSize
 .text          0x0000000008005cf0       0xa8 C:\Users\HP\Documents\work_space\Embedded_Secure_Encryp_Comp\Bootloader\STM32_Cryptographic\lib\libSTM32Cryptographic_CM4.a(cmox_md.c.o)
                0x0000000008005cf0                cmox_md_append
 .text          0x0000000008005d98      0x1a0 C:\Users\HP\Documents\work_space\Embedded_Secure_Encryp_Comp\Bootloader\STM32_Cryptographic\lib\libSTM32Cryptographic_CM4.a(cmox_md.c.o)
                0x0000000008005d98                cmox_md_generateTag
 .text          0x0000000008005f38        0x8 C:\Users\HP\Documents\work_space\Embedded_Secure_Encryp_Comp\Bootloader\STM32_Cryptographic\lib\libSTM32Cryptographic_CM4.a(cmox_md.c.o)
 .text          0x0000000008005f40      0x110 C:\Users\HP\Documents\work_space\Embedded_Secure_Encryp_Comp\Bootloader\STM32_Cryptographic\lib\libSTM32Cryptographic_CM4.a(cmox_aes_common.c.o)
                0x0000000008005f40                cmox_aesSmall_keySchedule
 .text          0x0000000008006050       0x9a c:/st/stm32cubeide_1.6.1/stm32cubeide/plugins/com.st.stm32cube.ide.mcu.externaltools.gnu-tools-for-stm32.9-2020-q2-update.win32_1.5.0.202011040924/tools/bin/../lib/gcc/arm-none-eabi/9.3.1/../../../../arm-none-eabi/lib/thumb/v7e-m+fp/hard\libc_nano.a(lib_a-aeabi_memset-soft.o)
                0x0000000008006050                __aeabi_memset8
                0x0000000008006050                __aeabi_memset4
                0x0000000008006050                __aeabi_memset
 *fill*         0x00000000080060ea        0x2 
 .text          0x00000000080060ec       0x30 c:/st/stm32cubeide_1.6.1/stm32cubeide/plugins/com.st.stm32cube.ide.mcu.externaltools.gnu-tools-for-stm32.9-2020-q2-update.win32_1.5.0.202011040924/tools/bin/../lib/gcc/arm-none-eabi/9.3.1/thumb/v7e-m+fp/hard\libgcc.a(_aeabi_uldivmod.o)
                0x00000000080060ec                __aeabi_uldivmod
 .text          0x000000000800611c      0x2c4 c:/st/stm32cubeide_1.6.1/stm32cubeide/plugins/com.st.stm32cube.ide.mcu.externaltools.gnu-tools-for-stm32.9-2020-q2-update.win32_1.5.0.202011040924/tools/bin/../lib/gcc/arm-none-eabi/9.3.1/thumb/v7e-m+fp/hard\libgcc.a(_udivmoddi4.o)
                0x000000000800611c                __udivmoddi4
 .text          0x00000000080063e0        0x4 c:/st/stm32cubeide_1.6.1/stm32cubeide/plugins/com.st.stm32cube.ide.mcu.externaltools.gnu-tools-for-stm32.9-2020-q2-update.win32_1.5.0.202011040924/tools/bin/../lib/gcc/arm-none-eabi/9.3.1/thumb/v7e-m+fp/hard\libgcc.a(_dvmd_tls.o)
                0x00000000080063e0                __aeabi_idiv0
                0x00000000080063e0                __aeabi_ldiv0
 *(.text*)
 .text.Flash_GetSector
                0x00000000080063e4       0x88 Core/Src/flash_if.o
 .text.UART_ReadExact
                0x000000000800646c       0x42 Core/Src/flash_if.o
                0x000000000800646c                UART_ReadExact
 *fill*         0x00000000080064ae        0x2 
 .text.Boot_SendAck
                0x00000000080064b0       0x24 Core/Src/flash_if.o
                0x00000000080064b0                Boot_SendAck
 .text.Boot_SendErr
                0x00000000080064d4       0x24 Core/Src/flash_if.o
                0x00000000080064d4                Boot_SendErr
 .text.Boot_HandleFlash
                0x00000000080064f8      0x108 Core/Src/flash_if.o
                0x00000000080064f8                Boot_HandleFlash
 .text.Flash_Erase
                0x0000000008006600       0x62 Core/Src/flash_if.o
                0x0000000008006600                Flash_Erase
 .text.Flash_Write
                0x0000000008006662       0xae Core/Src/flash_if.o
                0x0000000008006662                Flash_Write
 .text.Flash_Read
                0x0000000008006710       0x40 Core/Src/flash_if.o
                0x0000000008006710                Flash_Read
 .text.Boot_JumpToApplication
                0x0000000008006750       0x70 Core/Src/flash_if.o
                0x0000000008006750                Boot_JumpToApplication
 .text.Read_Byte
                0x00000000080067c0       0xf0 Core/Src/lzss_aes_gcm.o
 .text.Decrypt_DecomprToFlash
                0x00000000080068b0      0x404 Core/Src/lzss_aes_gcm.o
                0x00000000080068b0                Decrypt_DecomprToFlash
 .text.main     0x0000000008006cb4       0x5c Core/Src/main.o
                0x0000000008006cb4                main
 .text.SystemClock_Config
                0x0000000008006d10       0xd0 Core/Src/main.o
                0x0000000008006d10                SystemClock_Config
 .text.MX_CRC_Init
                0x0000000008006de0       0x28 Core/Src/main.o
 .text.MX_USART2_UART_Init
                0x0000000008006e08       0x54 Core/Src/main.o
 .text.MX_GPIO_Init
                0x0000000008006e5c       0xdc Core/Src/main.o
 .text.Error_Handler
                0x0000000008006f38        0xa Core/Src/main.o
                0x0000000008006f38                Error_Handler
 *fill*         0x0000000008006f42        0x2 
 .text.HAL_MspInit
                0x0000000008006f44       0x50 Core/Src/stm32f4xx_hal_msp.o
                0x0000000008006f44                HAL_MspInit
 .text.HAL_CRC_MspInit
                0x0000000008006f94       0x44 Core/Src/stm32f4xx_hal_msp.o
                0x0000000008006f94                HAL_CRC_MspInit
 .text.HAL_UART_MspInit
                0x0000000008006fd8       0x90 Core/Src/stm32f4xx_hal_msp.o
                0x0000000008006fd8                HAL_UART_MspInit
 .text.NMI_Handler
                0x0000000008007068        0x6 Core/Src/stm32f4xx_it.o
                0x0000000008007068                NMI_Handler
 .text.HardFault_Handler
                0x000000000800706e        0x6 Core/Src/stm32f4xx_it.o
                0x000000000800706e                HardFault_Handler
 .text.MemManage_Handler
                0x0000000008007074        0x6 Core/Src/stm32f4xx_it.o
                0x0000000008007074                MemManage_Handler
 .text.BusFault_Handler
                0x000000000800707a        0x6 Core/Src/stm32f4xx_it.o
                0x000000000800707a                BusFault_Handler
 .text.UsageFault_Handler
                0x0000000008007080        0x6 Core/Src/stm32f4xx_it.o
                0x0000000008007080                UsageFault_Handler
 .text.SVC_Handler
                0x0000000008007086        0xe Core/Src/stm32f4xx_it.o
                0x0000000008007086                SVC_Handler
 .text.DebugMon_Handler
                0x0000000008007094        0xe Core/Src/stm32f4xx_it.o
                0x0000000008007094                DebugMon_Handler
 .text.PendSV_Handler
                0x00000000080070a2        0xe Core/Src/stm32f4xx_it.o
                0x00000000080070a2                PendSV_Handler
 .text.SysTick_Handler
                0x00000000080070b0        0xc Core/Src/stm32f4xx_it.o
                0x00000000080070b0                SysTick_Handler
 .text.SystemInit
                0x00000000080070bc       0x24 Core/Src/system_stm32f4xx.o
                0x00000000080070bc                SystemInit
 .text.Boot_VerifySignature
                0x00000000080070e0      0x128 Core/Src/uECC.o
                0x00000000080070e0                Boot_VerifySignature
 .text.Reset_Handler
                0x0000000008007208       0x50 Core/Startup/startup_stm32f411retx.o
                0x0000000008007208                Reset_Handler
 .text.Default_Handler
                0x0000000008007258        0x2 Core/Startup/startup_stm32f411retx.o
                0x0000000008007258                RTC_Alarm_IRQHandler
                0x0000000008007258                EXTI2_IRQHandler
                0x0000000008007258                SPI4_IRQHandler
                0x0000000008007258                TIM1_CC_IRQHandler
                0x0000000008007258                DMA2_Stream5_IRQHandler
                0x0000000008007258                DMA1_Stream5_IRQHandler
                0x0000000008007258                PVD_IRQHandler
                0x0000000008007258                SDIO_IRQHandler
                0x0000000008007258                TAMP_STAMP_IRQHandler
                0x0000000008007258                EXTI3_IRQHandler
                0x0000000008007258                TIM1_UP_TIM10_IRQHandler
                0x0000000008007258                I2C3_ER_IRQHandler
                0x0000000008007258                EXTI0_IRQHandler
                0x0000000008007258                I2C2_EV_IRQHandler
                0x0000000008007258                DMA1_Stream2_IRQHandler
                0x0000000008007258                FPU_IRQHandler
                0x0000000008007258                DMA2_Stream2_IRQHandler
                0x0000000008007258                SPI1_IRQHandler
                0x0000000008007258                TIM1_BRK_TIM9_IRQHandler
                0x0000000008007258                DMA2_Stream3_IRQHandler
                0x0000000008007258                USART6_IRQHandler
                0x0000000008007258                DMA2_Stream0_IRQHandler
                0x0000000008007258                TIM4_IRQHandler
                0x0000000008007258                I2C1_EV_IRQHandler
                0x0000000008007258                DMA1_Stream6_IRQHandler
                0x0000000008007258                DMA1_Stream1_IRQHandler
                0x0000000008007258                TIM3_IRQHandler
                0x0000000008007258                RCC_IRQHandler
                0x0000000008007258                Default_Handler
                0x0000000008007258                EXTI15_10_IRQHandler
                0x0000000008007258                ADC_IRQHandler
                0x0000000008007258                DMA1_Stream7_IRQHandler
                0x0000000008007258                SPI5_IRQHandler
                0x0000000008007258                TIM5_IRQHandler
                0x0000000008007258                DMA2_Stream7_IRQHandler
                0x0000000008007258                I2C3_EV_IRQHandler
                0x0000000008007258                EXTI9_5_IRQHandler
                0x0000000008007258                RTC_WKUP_IRQHandler
                0x0000000008007258                SPI2_IRQHandler
                0x0000000008007258                DMA1_Stream0_IRQHandler
                0x0000000008007258                EXTI4_IRQHandler
                0x0000000008007258                WWDG_IRQHandler
                0x0000000008007258                TIM2_IRQHandler
                0x0000000008007258                OTG_FS_WKUP_IRQHandler
                0x0000000008007258                TIM1_TRG_COM_TIM11_IRQHandler
                0x0000000008007258                EXTI1_IRQHandler
                0x0000000008007258                USART2_IRQHandler
                0x0000000008007258                I2C2_ER_IRQHandler
                0x0000000008007258                DMA2_Stream1_IRQHandler
                0x0000000008007258                FLASH_IRQHandler
                0x0000000008007258                DMA2_Stream4_IRQHandler
                0x0000000008007258                USART1_IRQHandler
                0x0000000008007258                OTG_FS_IRQHandler
                0x0000000008007258                SPI3_IRQHandler
                0x0000000008007258                DMA1_Stream4_IRQHandler
                0x0000000008007258                I2C1_ER_IRQHandler
                0x0000000008007258                DMA2_Stream6_IRQHandler
                0x0000000008007258                DMA1_Stream3_IRQHandler
 *fill*         0x000000000800725a        0x2 
 .text.HAL_Init
                0x000000000800725c       0x44 Drivers/STM32F4xx_HAL_Driver/Src/stm32f4xx_hal.o
                0x000000000800725c                HAL_Init
 .text.HAL_InitTick
                0x00000000080072a0       0x60 Drivers/STM32F4xx_HAL_Driver/Src/stm32f4xx_hal.o
                0x00000000080072a0                HAL_InitTick
 .text.HAL_IncTick
                0x0000000008007300       0x28 Drivers/STM32F4xx_HAL_Driver/Src/stm32f4xx_hal.o
                0x0000000008007300                HAL_IncTick
 .text.HAL_GetTick
                0x0000000008007328       0x18 Drivers/STM32F4xx_HAL_Driver/Src/stm32f4xx_hal.o
                0x0000000008007328                HAL_GetTick
 .text.__NVIC_SetPriorityGrouping
                0x0000000008007340       0x48 Drivers/STM32F4xx_HAL_Driver/Src/stm32f4xx_hal_cortex.o
 .text.__NVIC_GetPriorityGrouping
                0x0000000008007388       0x1c Drivers/STM32F4xx_HAL_Driver/Src/stm32f4xx_hal_cortex.o
 .text.__NVIC_SetPriority
                0x00000000080073a4       0x54 Drivers/STM32F4xx_HAL_Driver/Src/stm32f4xx_hal_cortex.o
 .text.NVIC_EncodePriority
                0x00000000080073f8       0x66 Drivers/STM32F4xx_HAL_Driver/Src/stm32f4xx_hal_cortex.o
 *fill*         0x000000000800745e        0x2 
 .text.SysTick_Config
                0x0000000008007460       0x44 Drivers/STM32F4xx_HAL_Driver/Src/stm32f4xx_hal_cortex.o
 .text.HAL_NVIC_SetPriorityGrouping
                0x00000000080074a4       0x16 Drivers/STM32F4xx_HAL_Driver/Src/stm32f4xx_hal_cortex.o
                0x00000000080074a4                HAL_NVIC_SetPriorityGrouping
 .text.HAL_NVIC_SetPriority
                0x00000000080074ba       0x38 Drivers/STM32F4xx_HAL_Driver/Src/stm32f4xx_hal_cortex.o
                0x00000000080074ba                HAL_NVIC_SetPriority
 .text.HAL_SYSTICK_Config
                0x00000000080074f2       0x18 Drivers/STM32F4xx_HAL_Driver/Src/stm32f4xx_hal_cortex.o
                0x00000000080074f2                HAL_SYSTICK_Config
 .text.HAL_CRC_Init
                0x000000000800750a       0x38 Drivers/STM32F4xx_HAL_Driver/Src/stm32f4xx_hal_crc.o
                0x000000000800750a                HAL_CRC_Init
 *fill*         0x0000000008007542        0x2 
 .text.HAL_FLASH_Program
                0x0000000008007544       0xa8 Drivers/STM32F4xx_HAL_Driver/Src/stm32f4xx_hal_flash.o
                0x0000000008007544                HAL_FLASH_Program
 .text.HAL_FLASH_Unlock
                0x00000000080075ec       0x44 Drivers/STM32F4xx_HAL_Driver/Src/stm32f4xx_hal_flash.o
                0x00000000080075ec                HAL_FLASH_Unlock
 .text.HAL_FLASH_Lock
                0x0000000008007630       0x20 Drivers/STM32F4xx_HAL_Driver/Src/stm32f4xx_hal_flash.o
                0x0000000008007630                HAL_FLASH_Lock
 .text.FLASH_WaitForLastOperation
                0x0000000008007650       0x80 Drivers/STM32F4xx_HAL_Driver/Src/stm32f4xx_hal_flash.o
                0x0000000008007650                FLASH_WaitForLastOperation
 .text.FLASH_Program_DoubleWord
                0x00000000080076d0       0x64 Drivers/STM32F4xx_HAL_Driver/Src/stm32f4xx_hal_flash.o
 .text.FLASH_Program_Word
                0x0000000008007734       0x44 Drivers/STM32F4xx_HAL_Driver/Src/stm32f4xx_hal_flash.o
 .text.FLASH_Program_HalfWord
                0x0000000008007778       0x48 Drivers/STM32F4xx_HAL_Driver/Src/stm32f4xx_hal_flash.o
 .text.FLASH_Program_Byte
                0x00000000080077c0       0x44 Drivers/STM32F4xx_HAL_Driver/Src/stm32f4xx_hal_flash.o
 .text.FLASH_SetErrorCode
                0x0000000008007804       0xcc Drivers/STM32F4xx_HAL_Driver/Src/stm32f4xx_hal_flash.o
 .text.HAL_FLASHEx_Erase
                0x00000000080078d0       0xe0 Drivers/STM32F4xx_HAL_Driver/Src/stm32f4xx_hal_flash_ex.o
                0x00000000080078d0                HAL_FLASHEx_Erase
 .text.FLASH_MassErase
                0x00000000080079b0       0x48 Drivers/STM32F4xx_HAL_Driver/Src/stm32f4xx_hal_flash_ex.o
 .text.FLASH_Erase_Sector
                0x00000000080079f8       0x90 Drivers/STM32F4xx_HAL_Driver/Src/stm32f4xx_hal_flash_ex.o
                0x00000000080079f8                FLASH_Erase_Sector
 .text.FLASH_FlushCaches
                0x0000000008007a88       0x8c Drivers/STM32F4xx_HAL_Driver/Src/stm32f4xx_hal_flash_ex.o
                0x0000000008007a88                FLASH_FlushCaches
 .text.HAL_GPIO_Init
                0x0000000008007b14      0x308 Drivers/STM32F4xx_HAL_Driver/Src/stm32f4xx_hal_gpio.o
                0x0000000008007b14                HAL_GPIO_Init
 .text.HAL_GPIO_WritePin
                0x0000000008007e1c       0x32 Drivers/STM32F4xx_HAL_Driver/Src/stm32f4xx_hal_gpio.o
                0x0000000008007e1c                HAL_GPIO_WritePin
 *fill*         0x0000000008007e4e        0x2 
 .text.HAL_RCC_OscConfig
                0x0000000008007e50      0x4f0 Drivers/STM32F4xx_HAL_Driver/Src/stm32f4xx_hal_rcc.o
                0x0000000008007e50                HAL_RCC_OscConfig
 .text.HAL_RCC_ClockConfig
                0x0000000008008340      0x1cc Drivers/STM32F4xx_HAL_Driver/Src/stm32f4xx_hal_rcc.o
                0x0000000008008340                HAL_RCC_ClockConfig
 .text.HAL_RCC_GetSysClockFreq
                0x000000000800850c      0x1c4 Drivers/STM32F4xx_HAL_Driver/Src/stm32f4xx_hal_rcc.o
                0x000000000800850c                HAL_RCC_GetSysClockFreq
 .text.HAL_RCC_GetHCLKFreq
                0x00000000080086d0       0x18 Drivers/STM32F4xx_HAL_Driver/Src/stm32f4xx_hal_rcc.o
                0x00000000080086d0                HAL_RCC_GetHCLKFreq
 .text.HAL_RCC_GetPCLK1Freq
                0x00000000080086e8       0x28 Drivers/STM32F4xx_HAL_Driver/Src/stm32f4xx_hal_rcc.o
                0x00000000080086e8                HAL_RCC_GetPCLK1Freq
 .text.HAL_RCC_GetPCLK2Freq
                0x0000000008008710       0x28 Drivers/STM32F4xx_HAL_Driver/Src/stm32f4xx_hal_rcc.o
                0x0000000008008710                HAL_RCC_GetPCLK2Freq
 .text.HAL_RCC_DeInit
                0x0000000008008738      0x19c Drivers/STM32F4xx_HAL_Driver/Src/stm32f4xx_hal_rcc_ex.o
                0x0000000008008738                HAL_RCC_DeInit
 .text.HAL_UART_Init
                0x00000000080088d4       0x9a Drivers/STM32F4xx_HAL_Driver/Src/stm32f4xx_hal_uart.o
                0x00000000080088d4                HAL_UART_Init
 .text.HAL_UART_Transmit
                0x000000000800896e      0x124 Drivers/STM32F4xx_HAL_Driver/Src/stm32f4xx_hal_uart.o
                0x000000000800896e                HAL_UART_Transmit
 .text.HAL_UART_Receive
                0x0000000008008a92      0x144 Drivers/STM32F4xx_HAL_Driver/Src/stm32f4xx_hal_uart.o
                0x0000000008008a92                HAL_UART_Receive
 .text.UART_WaitOnFlagUntilTimeout
                0x0000000008008bd6       0xdc Drivers/STM32F4xx_HAL_Driver/Src/stm32f4xx_hal_uart.o
 *fill*         0x0000000008008cb2        0x2 
 .text.UART_SetConfig
                0x0000000008008cb4      0x390 Drivers/STM32F4xx_HAL_Driver/Src/stm32f4xx_hal_uart.o
 .text.AES_GCM_Decrypt_Init
                0x0000000008009044      0x144 STM32_Cryptographic/legacy_v3/src/cipher/legacy_v3_aes_gcm.o
                0x0000000008009044                AES_GCM_Decrypt_Init
 .text.AES_GCM_Decrypt_Append
                0x0000000008009188       0x60 STM32_Cryptographic/legacy_v3/src/cipher/legacy_v3_aes_gcm.o
                0x0000000008009188                AES_GCM_Decrypt_Append
 .text.AES_GCM_Decrypt_Finish
                0x00000000080091e8       0xa4 STM32_Cryptographic/legacy_v3/src/cipher/legacy_v3_aes_gcm.o
                0x00000000080091e8                AES_GCM_Decrypt_Finish
 .text.__aeabi_memclr
                0x000000000800928c        0x6 c:/st/stm32cubeide_1.6.1/stm32cubeide/plugins/com.st.stm32cube.ide.mcu.externaltools.gnu-tools-for-stm32.9-2020-q2-update.win32_1.5.0.202011040924/tools/bin/../lib/gcc/arm-none-eabi/9.3.1/../../../../arm-none-eabi/lib/thumb/v7e-m+fp/hard\libc_nano.a(lib_a-aeabi_memclr.o)
                0x000000000800928c                __aeabi_memclr
                0x000000000800928c                __aeabi_memclr4
                0x000000000800928c                __aeabi_memclr8
 .text.__aeabi_memcpy
                0x0000000008009292        0x4 c:/st/stm32cubeide_1.6.1/stm32cubeide/plugins/com.st.stm32cube.ide.mcu.externaltools.gnu-tools-for-stm32.9-2020-q2-update.win32_1.5.0.202011040924/tools/bin/../lib/gcc/arm-none-eabi/9.3.1/../../../../arm-none-eabi/lib/thumb/v7e-m+fp/hard\libc_nano.a(lib_a-aeabi_memcpy.o)
                0x0000000008009292                __aeabi_memcpy4
                0x0000000008009292                __aeabi_memcpy8
                0x0000000008009292                __aeabi_memcpy
 *fill*         0x0000000008009296        0x2 
 .text.__libc_init_array
                0x0000000008009298       0x48 c:/st/stm32cubeide_1.6.1/stm32cubeide/plugins/com.st.stm32cube.ide.mcu.externaltools.gnu-tools-for-stm32.9-2020-q2-update.win32_1.5.0.202011040924/tools/bin/../lib/gcc/arm-none-eabi/9.3.1/../../../../arm-none-eabi/lib/thumb/v7e-m+fp/hard\libc_nano.a(lib_a-init.o)
                0x0000000008009298                __libc_init_array
 .text.memcpy   0x00000000080092e0       0x1c c:/st/stm32cubeide_1.6.1/stm32cubeide/plugins/com.st.stm32cube.ide.mcu.externaltools.gnu-tools-for-stm32.9-2020-q2-update.win32_1.5.0.202011040924/tools/bin/../lib/gcc/arm-none-eabi/9.3.1/../../../../arm-none-eabi/lib/thumb/v7e-m+fp/hard\libc_nano.a(lib_a-memcpy-stub.o)
                0x00000000080092e0                memcpy
 .text.memset   0x00000000080092fc       0x10 c:/st/stm32cubeide_1.6.1/stm32cubeide/plugins/com.st.stm32cube.ide.mcu.externaltools.gnu-tools-for-stm32.9-2020-q2-update.win32_1.5.0.202011040924/tools/bin/../lib/gcc/arm-none-eabi/9.3.1/../../../../arm-none-eabi/lib/thumb/v7e-m+fp/hard\libc_nano.a(lib_a-memset.o)
                0x00000000080092fc                memset
 *(.glue_7)
 .glue_7        0x000000000800930c        0x0 linker stubs
 *(.glue_7t)
 .glue_7t       0x000000000800930c        0x0 linker stubs
 *(.eh_frame)
 .eh_frame      0x000000000800930c        0x0 c:/st/stm32cubeide_1.6.1/stm32cubeide/plugins/com.st.stm32cube.ide.mcu.externaltools.gnu-tools-for-stm32.9-2020-q2-update.win32_1.5.0.202011040924/tools/bin/../lib/gcc/arm-none-eabi/9.3.1/thumb/v7e-m+fp/hard/crtbegin.o
 *(.init)
 .init          0x000000000800930c        0x4 c:/st/stm32cubeide_1.6.1/stm32cubeide/plugins/com.st.stm32cube.ide.mcu.externaltools.gnu-tools-for-stm32.9-2020-q2-update.win32_1.5.0.202011040924/tools/bin/../lib/gcc/arm-none-eabi/9.3.1/thumb/v7e-m+fp/hard/crti.o
                0x000000000800930c                _init
 .init          0x0000000008009310        0x8 c:/st/stm32cubeide_1.6.1/stm32cubeide/plugins/com.st.stm32cube.ide.mcu.externaltools.gnu-tools-for-stm32.9-2020-q2-update.win32_1.5.0.202011040924/tools/bin/../lib/gcc/arm-none-eabi/9.3.1/thumb/v7e-m+fp/hard/crtn.o
 *(.fini)
 .fini          0x0000000008009318        0x4 c:/st/stm32cubeide_1.6.1/stm32cubeide/plugins/com.st.stm32cube.ide.mcu.externaltools.gnu-tools-for-stm32.9-2020-q2-update.win32_1.5.0.202011040924/tools/bin/../lib/gcc/arm-none-eabi/9.3.1/thumb/v7e-m+fp/hard/crti.o
                0x0000000008009318                _fini
 .fini          0x000000000800931c        0x8 c:/st/stm32cubeide_1.6.1/stm32cubeide/plugins/com.st.stm32cube.ide.mcu.externaltools.gnu-tools-for-stm32.9-2020-q2-update.win32_1.5.0.202011040924/tools/bin/../lib/gcc/arm-none-eabi/9.3.1/thumb/v7e-m+fp/hard/crtn.o
                0x0000000008009324                . = ALIGN (0x4)
                0x0000000008009324                _etext = .

.vfp11_veneer   0x0000000008009324        0x0
 .vfp11_veneer  0x0000000008009324        0x0 linker stubs

.v4_bx          0x0000000008009324        0x0
 .v4_bx         0x0000000008009324        0x0 linker stubs

.iplt           0x0000000008009324        0x0
 .iplt          0x0000000008009324        0x0 c:/st/stm32cubeide_1.6.1/stm32cubeide/plugins/com.st.stm32cube.ide.mcu.externaltools.gnu-tools-for-stm32.9-2020-q2-update.win32_1.5.0.202011040924/tools/bin/../lib/gcc/arm-none-eabi/9.3.1/thumb/v7e-m+fp/hard/crtbegin.o

.rodata         0x0000000008009324      0x64c
                0x0000000008009324                . = ALIGN (0x4)
 *(.rodata)
 .rodata        0x0000000008009324       0x24 C:\Users\HP\Documents\work_space\Embedded_Secure_Encryp_Comp\Bootloader\STM32_Cryptographic\lib\libSTM32Cryptographic_CM4.a(cmox_ecc_curve_p256.c.o)
 .rodata        0x0000000008009348       0x24 C:\Users\HP\Documents\work_space\Embedded_Secure_Encryp_Comp\Bootloader\STM32_Cryptographic\lib\libSTM32Cryptographic_CM4.a(cmox_ecc_curve_p256.c.o)
 .rodata        0x000000000800936c       0x24 C:\Users\HP\Documents\work_space\Embedded_Secure_Encryp_Comp\Bootloader\STM32_Cryptographic\lib\libSTM32Cryptographic_CM4.a(cmox_ecc_curve_p256.c.o)
 .rodata        0x0000000008009390       0x24 C:\Users\HP\Documents\work_space\Embedded_Secure_Encryp_Comp\Bootloader\STM32_Cryptographic\lib\libSTM32Cryptographic_CM4.a(cmox_ecc_curve_p256.c.o)
 .rodata        0x00000000080093b4       0x24 C:\Users\HP\Documents\work_space\Embedded_Secure_Encryp_Comp\Bootloader\STM32_Cryptographic\lib\libSTM32Cryptographic_CM4.a(cmox_ecc_curve_p256.c.o)
 .rodata        0x00000000080093d8       0x24 C:\Users\HP\Documents\work_space\Embedded_Secure_Encryp_Comp\Bootloader\STM32_Cryptographic\lib\libSTM32Cryptographic_CM4.a(cmox_ecc_curve_p256.c.o)
 .rodata        0x00000000080093fc       0xa4 C:\Users\HP\Documents\work_space\Embedded_Secure_Encryp_Comp\Bootloader\STM32_Cryptographic\lib\libSTM32Cryptographic_CM4.a(cmox_ecc_curve_p256.c.o)
 .rodata        0x00000000080094a0       0x20 C:\Users\HP\Documents\work_space\Embedded_Secure_Encryp_Comp\Bootloader\STM32_Cryptographic\lib\libSTM32Cryptographic_CM4.a(cmox_ecc_curve_p256.c.o)
 .rodata        0x00000000080094c0       0x2c C:\Users\HP\Documents\work_space\Embedded_Secure_Encryp_Comp\Bootloader\STM32_Cryptographic\lib\libSTM32Cryptographic_CM4.a(cmox_ecc_curve_p256.c.o)
 .rodata        0x00000000080094ec        0x4 C:\Users\HP\Documents\work_space\Embedded_Secure_Encryp_Comp\Bootloader\STM32_Cryptographic\lib\libSTM32Cryptographic_CM4.a(cmox_ecc_curve_p256.c.o)
                0x00000000080094ec                CMOX_ECC_SECP256R1_LOWMEM
 .rodata        0x00000000080094f0       0x20 C:\Users\HP\Documents\work_space\Embedded_Secure_Encryp_Comp\Bootloader\STM32_Cryptographic\lib\libSTM32Cryptographic_CM4.a(cmox_ecc_point_funcs.c.o)
                0x00000000080094f0                Point_Funcs_SW_a3
 .rodata        0x0000000008009510        0x4 C:\Users\HP\Documents\work_space\Embedded_Secure_Encryp_Comp\Bootloader\STM32_Cryptographic\lib\libSTM32Cryptographic_CM4.a(cmox_gcm_fast_aesfast_decrypt.c.o)
                0x0000000008009510                CMOX_AESFAST_GCMFAST_DEC
 .rodata        0x0000000008009514      0x200 C:\Users\HP\Documents\work_space\Embedded_Secure_Encryp_Comp\Bootloader\STM32_Cryptographic\lib\libSTM32Cryptographic_CM4.a(cmox_gcm_fast_common.c.o)
 .rodata        0x0000000008009714        0x4 C:\Users\HP\Documents\work_space\Embedded_Secure_Encryp_Comp\Bootloader\STM32_Cryptographic\lib\libSTM32Cryptographic_CM4.a(cmox_gcm_fast_common.c.o)
 .rodata        0x0000000008009718        0x4 C:\Users\HP\Documents\work_space\Embedded_Secure_Encryp_Comp\Bootloader\STM32_Cryptographic\lib\libSTM32Cryptographic_CM4.a(cmox_gcm_fast_common.c.o)
                0x0000000008009718                CMOX_GFMULFAST
 .rodata        0x000000000800971c       0x2c C:\Users\HP\Documents\work_space\Embedded_Secure_Encryp_Comp\Bootloader\STM32_Cryptographic\lib\libSTM32Cryptographic_CM4.a(cmox_gcm_fast_decrypt.c.o)
 .rodata        0x0000000008009748        0x8 C:\Users\HP\Documents\work_space\Embedded_Secure_Encryp_Comp\Bootloader\STM32_Cryptographic\lib\libSTM32Cryptographic_CM4.a(cmox_init.c.o)
                0x0000000008009748                cmox_table
 .rodata        0x0000000008009750       0x20 C:\Users\HP\Documents\work_space\Embedded_Secure_Encryp_Comp\Bootloader\STM32_Cryptographic\lib\libSTM32Cryptographic_CM4.a(cmox_math_armv7em_llf.c.o)
 .rodata        0x0000000008009770        0x4 C:\Users\HP\Documents\work_space\Embedded_Secure_Encryp_Comp\Bootloader\STM32_Cryptographic\lib\libSTM32Cryptographic_CM4.a(cmox_math_armv7em_llf.c.o)
                0x0000000008009770                CMOX_MATH_FUNCS_SMALL
 .rodata        0x0000000008009774        0xc C:\Users\HP\Documents\work_space\Embedded_Secure_Encryp_Comp\Bootloader\STM32_Cryptographic\lib\libSTM32Cryptographic_CM4.a(cmox_modexp.c.o)
                0x0000000008009774                cmox_modexp_fn_public_midmem
 .rodata        0x0000000008009780        0x4 C:\Users\HP\Documents\work_space\Embedded_Secure_Encryp_Comp\Bootloader\STM32_Cryptographic\lib\libSTM32Cryptographic_CM4.a(cmox_scalarmul.c.o)
                0x0000000008009780                cmox_scalarmul_fixbase_sc
 .rodata        0x0000000008009784        0x4 C:\Users\HP\Documents\work_space\Embedded_Secure_Encryp_Comp\Bootloader\STM32_Cryptographic\lib\libSTM32Cryptographic_CM4.a(cmox_scalarmul.c.o)
                0x0000000008009784                cmox_scalarmul_dblbase_wmof
 .rodata        0x0000000008009788        0x8 C:\Users\HP\Documents\work_space\Embedded_Secure_Encryp_Comp\Bootloader\STM32_Cryptographic\lib\libSTM32Cryptographic_CM4.a(cmox_scalarmul.c.o)
                0x0000000008009788                cmox_scalarmul_varbase_midmem
 .rodata        0x0000000008009790      0x100 C:\Users\HP\Documents\work_space\Embedded_Secure_Encryp_Comp\Bootloader\STM32_Cryptographic\lib\libSTM32Cryptographic_CM4.a(cmox_sha256_common.c.o)
 .rodata        0x0000000008009890       0x10 C:\Users\HP\Documents\work_space\Embedded_Secure_Encryp_Comp\Bootloader\STM32_Cryptographic\lib\libSTM32Cryptographic_CM4.a(cmox_sha256_common.c.o)
                0x0000000008009890                CMOX_MD_SHA256_VTABLE_ST
 .rodata        0x00000000080098a0        0xc C:\Users\HP\Documents\work_space\Embedded_Secure_Encryp_Comp\Bootloader\STM32_Cryptographic\lib\libSTM32Cryptographic_CM4.a(cmox_utils_compare.c.o)
 .rodata        0x00000000080098ac        0x4 C:\Users\HP\Documents\work_space\Embedded_Secure_Encryp_Comp\Bootloader\STM32_Cryptographic\lib\libSTM32Cryptographic_CM4.a(cmox_utils_compare.c.o)
                0x00000000080098ac                cmox_utils_robustCmp_bt_bw_be
 .rodata        0x00000000080098b0        0xc C:\Users\HP\Documents\work_space\Embedded_Secure_Encryp_Comp\Bootloader\STM32_Cryptographic\lib\libSTM32Cryptographic_CM4.a(cmox_utils_compare.c.o)
 .rodata        0x00000000080098bc        0x4 C:\Users\HP\Documents\work_space\Embedded_Secure_Encryp_Comp\Bootloader\STM32_Cryptographic\lib\libSTM32Cryptographic_CM4.a(cmox_utils_compare.c.o)
                0x00000000080098bc                cmox_utils_robustCmp_bt_bw_be_r
 .rodata        0x00000000080098c0        0x8 C:\Users\HP\Documents\work_space\Embedded_Secure_Encryp_Comp\Bootloader\STM32_Cryptographic\lib\libSTM32Cryptographic_CM4.a(cmox_aesfast_encrypt.c.o)
 .rodata        0x00000000080098c8        0x4 C:\Users\HP\Documents\work_space\Embedded_Secure_Encryp_Comp\Bootloader\STM32_Cryptographic\lib\libSTM32Cryptographic_CM4.a(cmox_aesfast_encrypt.c.o)
                0x00000000080098c8                CMOX_AESFAST_ENCRYPT_VTABLE
 .rodata        0x00000000080098cc       0x28 C:\Users\HP\Documents\work_space\Embedded_Secure_Encryp_Comp\Bootloader\STM32_Cryptographic\lib\libSTM32Cryptographic_CM4.a(cmox_aes_common.c.o)
 *(.rodata*)
 .rodata.ACK    0x00000000080098f4        0x1 Core/Src/flash_if.o
 .rodata.ERR    0x00000000080098f5        0x1 Core/Src/flash_if.o
 *fill*         0x00000000080098f6        0x2 
 .rodata.AES_KEY
                0x00000000080098f8       0x20 Core/Src/lzss_aes_gcm.o
 .rodata.AHBPrescTable
                0x0000000008009918       0x10 Core/Src/system_stm32f4xx.o
                0x0000000008009918                AHBPrescTable
 .rodata.APBPrescTable
                0x0000000008009928        0x8 Core/Src/system_stm32f4xx.o
                0x0000000008009928                APBPrescTable
 .rodata.PUBLIC_KEY
                0x0000000008009930       0x40 Core/Src/uECC.o
                0x0000000008009970                . = ALIGN (0x4)

CMOX_CTA_PROTECTED_DATA
                0x0000000008009970      0x764
 CMOX_CTA_PROTECTED_DATA
                0x0000000008009970      0x264 C:\Users\HP\Documents\work_space\Embedded_Secure_Encryp_Comp\Bootloader\STM32_Cryptographic\lib\libSTM32Cryptographic_CM4.a(cmox_ecc_curve_p256.c.o)
 CMOX_CTA_PROTECTED_DATA
                0x0000000008009bd4      0x400 C:\Users\HP\Documents\work_space\Embedded_Secure_Encryp_Comp\Bootloader\STM32_Cryptographic\lib\libSTM32Cryptographic_CM4.a(cmox_aesfast_encrypt.c.o)
                0x0000000008009bd4                CMOX_AES_ENC_TABLE
 CMOX_CTA_PROTECTED_DATA
                0x0000000008009fd4      0x100 C:\Users\HP\Documents\work_space\Embedded_Secure_Encryp_Comp\Bootloader\STM32_Cryptographic\lib\libSTM32Cryptographic_CM4.a(cmox_aes_common.c.o)
                0x0000000008009fd4                CMOX_AES_SBOX

.ARM.extab      0x000000000800a0d4        0x0
                0x000000000800a0d4                . = ALIGN (0x4)
 *(.ARM.extab* .gnu.linkonce.armextab.*)
                0x000000000800a0d4                . = ALIGN (0x4)

.ARM            0x000000000800a0d4        0x8
                0x000000000800a0d4                . = ALIGN (0x4)
                0x000000000800a0d4                __exidx_start = .
 *(.ARM.exidx*)
 .ARM.exidx     0x000000000800a0d4        0x8 c:/st/stm32cubeide_1.6.1/stm32cubeide/plugins/com.st.stm32cube.ide.mcu.externaltools.gnu-tools-for-stm32.9-2020-q2-update.win32_1.5.0.202011040924/tools/bin/../lib/gcc/arm-none-eabi/9.3.1/thumb/v7e-m+fp/hard\libgcc.a(_udivmoddi4.o)
                0x000000000800a0dc                __exidx_end = .
                0x000000000800a0dc                . = ALIGN (0x4)

.rel.dyn        0x000000000800a0dc        0x0
 .rel.iplt      0x000000000800a0dc        0x0 c:/st/stm32cubeide_1.6.1/stm32cubeide/plugins/com.st.stm32cube.ide.mcu.externaltools.gnu-tools-for-stm32.9-2020-q2-update.win32_1.5.0.202011040924/tools/bin/../lib/gcc/arm-none-eabi/9.3.1/thumb/v7e-m+fp/hard/crtbegin.o

.preinit_array  0x000000000800a0dc        0x0
                0x000000000800a0dc                . = ALIGN (0x4)
                0x000000000800a0dc                PROVIDE (__preinit_array_start = .)
 *(.preinit_array*)
                0x000000000800a0dc                PROVIDE (__preinit_array_end = .)
                0x000000000800a0dc                . = ALIGN (0x4)

.init_array     0x000000000800a0dc        0x4
                0x000000000800a0dc                . = ALIGN (0x4)
                0x000000000800a0dc                PROVIDE (__init_array_start = .)
 *(SORT_BY_NAME(.init_array.*))
 *(.init_array*)
 .init_array    0x000000000800a0dc        0x4 c:/st/stm32cubeide_1.6.1/stm32cubeide/plugins/com.st.stm32cube.ide.mcu.externaltools.gnu-tools-for-stm32.9-2020-q2-update.win32_1.5.0.202011040924/tools/bin/../lib/gcc/arm-none-eabi/9.3.1/thumb/v7e-m+fp/hard/crtbegin.o
                0x000000000800a0e0                PROVIDE (__init_array_end = .)
                0x000000000800a0e0                . = ALIGN (0x4)

.fini_array     0x000000000800a0e0        0x4
                0x000000000800a0e0                . = ALIGN (0x4)
                [!provide]                        PROVIDE (__fini_array_start = .)
 *(SORT_BY_NAME(.fini_array.*))
 *(.fini_array*)
 .fini_array    0x000000000800a0e0        0x4 c:/st/stm32cubeide_1.6.1/stm32cubeide/plugins/com.st.stm32cube.ide.mcu.externaltools.gnu-tools-for-stm32.9-2020-q2-update.win32_1.5.0.202011040924/tools/bin/../lib/gcc/arm-none-eabi/9.3.1/thumb/v7e-m+fp/hard/crtbegin.o
                [!provide]                        PROVIDE (__fini_array_end = .)
                0x000000000800a0e4                . = ALIGN (0x4)
                0x000000000800a0e4                _sidata = LOADADDR (.data)

.data           0x0000000020000000        0xc load address 0x000000000800a0e4
                0x0000000020000000                . = ALIGN (0x4)
                0x0000000020000000                _sdata = .
 *(.data)
 *(.data*)
 .data.SystemCoreClock
                0x0000000020000000        0x4 Core/Src/system_stm32f4xx.o
                0x0000000020000000                SystemCoreClock
 .data.uwTickPrio
                0x0000000020000004        0x4 Drivers/STM32F4xx_HAL_Driver/Src/stm32f4xx_hal.o
                0x0000000020000004                uwTickPrio
 .data.uwTickFreq
                0x0000000020000008        0x1 Drivers/STM32F4xx_HAL_Driver/Src/stm32f4xx_hal.o
                0x0000000020000008                uwTickFreq
 *(.RamFunc)
 *(.RamFunc*)
                0x000000002000000c                . = ALIGN (0x4)
 *fill*         0x0000000020000009        0x3 
                0x000000002000000c                _edata = .

.igot.plt       0x000000002000000c        0x0 load address 0x000000000800a0f0
 .igot.plt      0x000000002000000c        0x0 c:/st/stm32cubeide_1.6.1/stm32cubeide/plugins/com.st.stm32cube.ide.mcu.externaltools.gnu-tools-for-stm32.9-2020-q2-update.win32_1.5.0.202011040924/tools/bin/../lib/gcc/arm-none-eabi/9.3.1/thumb/v7e-m+fp/hard/crtbegin.o
                0x000000002000000c                . = ALIGN (0x4)

.bss            0x000000002000000c      0xf24 load address 0x000000000800a0f0
                0x000000002000000c                _sbss = .
                0x000000002000000c                __bss_start__ = _sbss
 *(.bss)
 .bss           0x000000002000000c       0x1c c:/st/stm32cubeide_1.6.1/stm32cubeide/plugins/com.st.stm32cube.ide.mcu.externaltools.gnu-tools-for-stm32.9-2020-q2-update.win32_1.5.0.202011040924/tools/bin/../lib/gcc/arm-none-eabi/9.3.1/thumb/v7e-m+fp/hard/crtbegin.o
 .bss           0x0000000020000028        0x1 C:\Users\HP\Documents\work_space\Embedded_Secure_Encryp_Comp\Bootloader\STM32_Cryptographic\lib\libSTM32Cryptographic_CM4.a(cmox_init.c.o)
                0x0000000020000028                cmox_init_ctxi
 *(.bss*)
 *fill*         0x0000000020000029        0x3 
 .bss.signature.10329
                0x000000002000002c       0x40 Core/Src/flash_if.o
 .bss.chunk_buf
                0x000000002000006c       0x80 Core/Src/lzss_aes_gcm.o
 .bss.dec_buf   0x00000000200000ec       0x80 Core/Src/lzss_aes_gcm.o
 .bss.chunk_len
                0x000000002000016c        0x2 Core/Src/lzss_aes_gcm.o
 .bss.chunk_pos
                0x000000002000016e        0x2 Core/Src/lzss_aes_gcm.o
 .bss.ctx       0x0000000020000170      0x950 Core/Src/lzss_aes_gcm.o
 .bss.ecc_membuf.9418
                0x0000000020000ac0      0x400 Core/Src/uECC.o
 *(COMMON)
 COMMON         0x0000000020000ec0       0x4c Core/Src/main.o
                0x0000000020000ec0                hcrc
                0x0000000020000ec8                huart2
 COMMON         0x0000000020000f0c        0x4 Drivers/STM32F4xx_HAL_Driver/Src/stm32f4xx_hal.o
                0x0000000020000f0c                uwTick
 COMMON         0x0000000020000f10       0x20 Drivers/STM32F4xx_HAL_Driver/Src/stm32f4xx_hal_flash.o
                0x0000000020000f10                pFlash
                0x0000000020000f30                . = ALIGN (0x4)
                0x0000000020000f30                _ebss = .
                0x0000000020000f30                __bss_end__ = _ebss

._user_heap_stack
                0x0000000020000f30      0x600 load address 0x000000000800a0f0
                0x0000000020000f30                . = ALIGN (0x8)
                [!provide]                        PROVIDE (end = .)
                0x0000000020000f30                PROVIDE (_end = .)
                0x0000000020001130                . = (. + _Min_Heap_Size)
 *fill*         0x0000000020000f30      0x200 
                0x0000000020001530                . = (. + _Min_Stack_Size)
 *fill*         0x0000000020001130      0x400 
                0x0000000020001530                . = ALIGN (0x8)

/DISCARD/
 libc.a(*)
 libm.a(*)
 libgcc.a(*)

.ARM.attributes
                0x0000000000000000       0x34
 *(.ARM.attributes)
 .ARM.attributes
                0x0000000000000000       0x1e c:/st/stm32cubeide_1.6.1/stm32cubeide/plugins/com.st.stm32cube.ide.mcu.externaltools.gnu-tools-for-stm32.9-2020-q2-update.win32_1.5.0.202011040924/tools/bin/../lib/gcc/arm-none-eabi/9.3.1/thumb/v7e-m+fp/hard/crti.o
 .ARM.attributes
                0x000000000000001e       0x34 c:/st/stm32cubeide_1.6.1/stm32cubeide/plugins/com.st.stm32cube.ide.mcu.externaltools.gnu-tools-for-stm32.9-2020-q2-update.win32_1.5.0.202011040924/tools/bin/../lib/gcc/arm-none-eabi/9.3.1/thumb/v7e-m+fp/hard/crtbegin.o
 .ARM.attributes
                0x0000000000000052       0x34 Core/Src/flash_if.o
 .ARM.attributes
                0x0000000000000086       0x34 Core/Src/lzss_aes_gcm.o
 .ARM.attributes
                0x00000000000000ba       0x34 Core/Src/main.o
 .ARM.attributes
                0x00000000000000ee       0x34 Core/Src/stm32f4xx_hal_msp.o
 .ARM.attributes
                0x0000000000000122       0x34 Core/Src/stm32f4xx_it.o
 .ARM.attributes
                0x0000000000000156       0x34 Core/Src/system_stm32f4xx.o
 .ARM.attributes
                0x000000000000018a       0x34 Core/Src/uECC.o
 .ARM.attributes
                0x00000000000001be       0x21 Core/Startup/startup_stm32f411retx.o
 .ARM.attributes
                0x00000000000001df       0x34 Drivers/STM32F4xx_HAL_Driver/Src/stm32f4xx_hal.o
 .ARM.attributes
                0x0000000000000213       0x34 Drivers/STM32F4xx_HAL_Driver/Src/stm32f4xx_hal_cortex.o
 .ARM.attributes
                0x0000000000000247       0x34 Drivers/STM32F4xx_HAL_Driver/Src/stm32f4xx_hal_crc.o
 .ARM.attributes
                0x000000000000027b       0x34 Drivers/STM32F4xx_HAL_Driver/Src/stm32f4xx_hal_flash.o
 .ARM.attributes
                0x00000000000002af       0x34 Drivers/STM32F4xx_HAL_Driver/Src/stm32f4xx_hal_flash_ex.o
 .ARM.attributes
                0x00000000000002e3       0x34 Drivers/STM32F4xx_HAL_Driver/Src/stm32f4xx_hal_gpio.o
 .ARM.attributes
                0x0000000000000317       0x34 Drivers/STM32F4xx_HAL_Driver/Src/stm32f4xx_hal_rcc.o
 .ARM.attributes
                0x000000000000034b       0x34 Drivers/STM32F4xx_HAL_Driver/Src/stm32f4xx_hal_rcc_ex.o
 .ARM.attributes
                0x000000000000037f       0x34 Drivers/STM32F4xx_HAL_Driver/Src/stm32f4xx_hal_uart.o
 .ARM.attributes
                0x00000000000003b3       0x34 STM32_Cryptographic/legacy_v3/src/cipher/legacy_v3_aes_gcm.o
 .ARM.attributes
                0x00000000000003e7       0x50 C:\Users\HP\Documents\work_space\Embedded_Secure_Encryp_Comp\Bootloader\STM32_Cryptographic\lib\libSTM32Cryptographic_CM4.a(cmox_cipher.c.o)
 .ARM.attributes
                0x0000000000000437       0x4e C:\Users\HP\Documents\work_space\Embedded_Secure_Encryp_Comp\Bootloader\STM32_Cryptographic\lib\libSTM32Cryptographic_CM4.a(cmox_cipher_modes.c.o)
 .ARM.attributes
                0x0000000000000485       0x4e C:\Users\HP\Documents\work_space\Embedded_Secure_Encryp_Comp\Bootloader\STM32_Cryptographic\lib\libSTM32Cryptographic_CM4.a(cmox_ecc.c.o)
 .ARM.attributes
                0x00000000000004d3       0x4c C:\Users\HP\Documents\work_space\Embedded_Secure_Encryp_Comp\Bootloader\STM32_Cryptographic\lib\libSTM32Cryptographic_CM4.a(cmox_ecc_curve_p256.c.o)
 .ARM.attributes
                0x000000000000051f       0x4c C:\Users\HP\Documents\work_space\Embedded_Secure_Encryp_Comp\Bootloader\STM32_Cryptographic\lib\libSTM32Cryptographic_CM4.a(cmox_ecc_point_funcs.c.o)
 .ARM.attributes
                0x000000000000056b       0x4e C:\Users\HP\Documents\work_space\Embedded_Secure_Encryp_Comp\Bootloader\STM32_Cryptographic\lib\libSTM32Cryptographic_CM4.a(cmox_ecdsa.c.o)
 .ARM.attributes
                0x00000000000005b9       0x4e C:\Users\HP\Documents\work_space\Embedded_Secure_Encryp_Comp\Bootloader\STM32_Cryptographic\lib\libSTM32Cryptographic_CM4.a(cmox_gcm_fast_aesfast_decrypt.c.o)
 .ARM.attributes
                0x0000000000000607       0x4e C:\Users\HP\Documents\work_space\Embedded_Secure_Encryp_Comp\Bootloader\STM32_Cryptographic\lib\libSTM32Cryptographic_CM4.a(cmox_gcm_fast_common.c.o)
 .ARM.attributes
                0x0000000000000655       0x4e C:\Users\HP\Documents\work_space\Embedded_Secure_Encryp_Comp\Bootloader\STM32_Cryptographic\lib\libSTM32Cryptographic_CM4.a(cmox_gcm_fast_decrypt.c.o)
 .ARM.attributes
                0x00000000000006a3       0x50 C:\Users\HP\Documents\work_space\Embedded_Secure_Encryp_Comp\Bootloader\STM32_Cryptographic\lib\libSTM32Cryptographic_CM4.a(cmox_hash.c.o)
 .ARM.attributes
                0x00000000000006f3       0x4e C:\Users\HP\Documents\work_space\Embedded_Secure_Encryp_Comp\Bootloader\STM32_Cryptographic\lib\libSTM32Cryptographic_CM4.a(cmox_init.c.o)
 .ARM.attributes
                0x0000000000000741       0x50 C:\Users\HP\Documents\work_space\Embedded_Secure_Encryp_Comp\Bootloader\STM32_Cryptographic\lib\libSTM32Cryptographic_CM4.a(cmox_math.c.o)
 .ARM.attributes
                0x0000000000000791       0x50 C:\Users\HP\Documents\work_space\Embedded_Secure_Encryp_Comp\Bootloader\STM32_Cryptographic\lib\libSTM32Cryptographic_CM4.a(cmox_math_armv7em_llf.c.o)
 .ARM.attributes
                0x00000000000007e1       0x50 C:\Users\HP\Documents\work_space\Embedded_Secure_Encryp_Comp\Bootloader\STM32_Cryptographic\lib\libSTM32Cryptographic_CM4.a(cmox_mathutils.c.o)
 .ARM.attributes
                0x0000000000000831       0x50 C:\Users\HP\Documents\work_space\Embedded_Secure_Encryp_Comp\Bootloader\STM32_Cryptographic\lib\libSTM32Cryptographic_CM4.a(cmox_membuf.c.o)
 .ARM.attributes
                0x0000000000000881       0x4e C:\Users\HP\Documents\work_space\Embedded_Secure_Encryp_Comp\Bootloader\STM32_Cryptographic\lib\libSTM32Cryptographic_CM4.a(cmox_modexp.c.o)
 .ARM.attributes
                0x00000000000008cf       0x4c C:\Users\HP\Documents\work_space\Embedded_Secure_Encryp_Comp\Bootloader\STM32_Cryptographic\lib\libSTM32Cryptographic_CM4.a(cmox_scalarmul.c.o)
 .ARM.attributes
                0x000000000000091b       0x4e C:\Users\HP\Documents\work_space\Embedded_Secure_Encryp_Comp\Bootloader\STM32_Cryptographic\lib\libSTM32Cryptographic_CM4.a(cmox_sha256.c.o)
 .ARM.attributes
                0x0000000000000969       0x4e C:\Users\HP\Documents\work_space\Embedded_Secure_Encryp_Comp\Bootloader\STM32_Cryptographic\lib\libSTM32Cryptographic_CM4.a(cmox_sha256_common.c.o)
 .ARM.attributes
                0x00000000000009b7       0x4e C:\Users\HP\Documents\work_space\Embedded_Secure_Encryp_Comp\Bootloader\STM32_Cryptographic\lib\libSTM32Cryptographic_CM4.a(cmox_utils_compare.c.o)
 .ARM.attributes
                0x0000000000000a05       0x4e C:\Users\HP\Documents\work_space\Embedded_Secure_Encryp_Comp\Bootloader\STM32_Cryptographic\lib\libSTM32Cryptographic_CM4.a(cmox_aesfast_encrypt.c.o)
 .ARM.attributes
                0x0000000000000a53       0x50 C:\Users\HP\Documents\work_space\Embedded_Secure_Encryp_Comp\Bootloader\STM32_Cryptographic\lib\libSTM32Cryptographic_CM4.a(cmox_bn.c.o)
 .ARM.attributes
                0x0000000000000aa3       0x4e C:\Users\HP\Documents\work_space\Embedded_Secure_Encryp_Comp\Bootloader\STM32_Cryptographic\lib\libSTM32Cryptographic_CM4.a(cmox_gcm_common.c.o)
 .ARM.attributes
                0x0000000000000af1       0x38 C:\Users\HP\Documents\work_space\Embedded_Secure_Encryp_Comp\Bootloader\STM32_Cryptographic\lib\libSTM32Cryptographic_CM4.a(cmox_math_armv7em_ewarm_mm-fios.s.o)
 .ARM.attributes
                0x0000000000000b29       0x38 C:\Users\HP\Documents\work_space\Embedded_Secure_Encryp_Comp\Bootloader\STM32_Cryptographic\lib\libSTM32Cryptographic_CM4.a(cmox_math_armv7em_ewarm_montyred.s.o)
 .ARM.attributes
                0x0000000000000b61       0x38 C:\Users\HP\Documents\work_space\Embedded_Secure_Encryp_Comp\Bootloader\STM32_Cryptographic\lib\libSTM32Cryptographic_CM4.a(cmox_math_armv7em_ewarm_mul-os.s.o)
 .ARM.attributes
                0x0000000000000b99       0x4e C:\Users\HP\Documents\work_space\Embedded_Secure_Encryp_Comp\Bootloader\STM32_Cryptographic\lib\libSTM32Cryptographic_CM4.a(cmox_md.c.o)
 .ARM.attributes
                0x0000000000000be7       0x4e C:\Users\HP\Documents\work_space\Embedded_Secure_Encryp_Comp\Bootloader\STM32_Cryptographic\lib\libSTM32Cryptographic_CM4.a(cmox_aes_common.c.o)
 .ARM.attributes
                0x0000000000000c35       0x34 c:/st/stm32cubeide_1.6.1/stm32cubeide/plugins/com.st.stm32cube.ide.mcu.externaltools.gnu-tools-for-stm32.9-2020-q2-update.win32_1.5.0.202011040924/tools/bin/../lib/gcc/arm-none-eabi/9.3.1/../../../../arm-none-eabi/lib/thumb/v7e-m+fp/hard\libc_nano.a(lib_a-aeabi_memclr.o)
 .ARM.attributes
                0x0000000000000c69       0x34 c:/st/stm32cubeide_1.6.1/stm32cubeide/plugins/com.st.stm32cube.ide.mcu.externaltools.gnu-tools-for-stm32.9-2020-q2-update.win32_1.5.0.202011040924/tools/bin/../lib/gcc/arm-none-eabi/9.3.1/../../../../arm-none-eabi/lib/thumb/v7e-m+fp/hard\libc_nano.a(lib_a-aeabi_memcpy.o)
 .ARM.attributes
                0x0000000000000c9d       0x1c c:/st/stm32cubeide_1.6.1/stm32cubeide/plugins/com.st.stm32cube.ide.mcu.externaltools.gnu-tools-for-stm32.9-2020-q2-update.win32_1.5.0.202011040924/tools/bin/../lib/gcc/arm-none-eabi/9.3.1/../../../../arm-none-eabi/lib/thumb/v7e-m+fp/hard\libc_nano.a(lib_a-aeabi_memset-soft.o)
 .ARM.attributes
                0x0000000000000cb9       0x34 c:/st/stm32cubeide_1.6.1/stm32cubeide/plugins/com.st.stm32cube.ide.mcu.externaltools.gnu-tools-for-stm32.9-2020-q2-update.win32_1.5.0.202011040924/tools/bin/../lib/gcc/arm-none-eabi/9.3.1/../../../../arm-none-eabi/lib/thumb/v7e-m+fp/hard\libc_nano.a(lib_a-init.o)
 .ARM.attributes
                0x0000000000000ced       0x34 c:/st/stm32cubeide_1.6.1/stm32cubeide/plugins/com.st.stm32cube.ide.mcu.externaltools.gnu-tools-for-stm32.9-2020-q2-update.win32_1.5.0.202011040924/tools/bin/../lib/gcc/arm-none-eabi/9.3.1/../../../../arm-none-eabi/lib/thumb/v7e-m+fp/hard\libc_nano.a(lib_a-memcpy-stub.o)
 .ARM.attributes
                0x0000000000000d21       0x34 c:/st/stm32cubeide_1.6.1/stm32cubeide/plugins/com.st.stm32cube.ide.mcu.externaltools.gnu-tools-for-stm32.9-2020-q2-update.win32_1.5.0.202011040924/tools/bin/../lib/gcc/arm-none-eabi/9.3.1/../../../../arm-none-eabi/lib/thumb/v7e-m+fp/hard\libc_nano.a(lib_a-memset.o)
 .ARM.attributes
                0x0000000000000d55       0x1e c:/st/stm32cubeide_1.6.1/stm32cubeide/plugins/com.st.stm32cube.ide.mcu.externaltools.gnu-tools-for-stm32.9-2020-q2-update.win32_1.5.0.202011040924/tools/bin/../lib/gcc/arm-none-eabi/9.3.1/thumb/v7e-m+fp/hard\libgcc.a(_aeabi_uldivmod.o)
 .ARM.attributes
                0x0000000000000d73       0x34 c:/st/stm32cubeide_1.6.1/stm32cubeide/plugins/com.st.stm32cube.ide.mcu.externaltools.gnu-tools-for-stm32.9-2020-q2-update.win32_1.5.0.202011040924/tools/bin/../lib/gcc/arm-none-eabi/9.3.1/thumb/v7e-m+fp/hard\libgcc.a(_udivmoddi4.o)
 .ARM.attributes
                0x0000000000000da7       0x1e c:/st/stm32cubeide_1.6.1/stm32cubeide/plugins/com.st.stm32cube.ide.mcu.externaltools.gnu-tools-for-stm32.9-2020-q2-update.win32_1.5.0.202011040924/tools/bin/../lib/gcc/arm-none-eabi/9.3.1/thumb/v7e-m+fp/hard\libgcc.a(_dvmd_tls.o)
 .ARM.attributes
                0x0000000000000dc5       0x1e c:/st/stm32cubeide_1.6.1/stm32cubeide/plugins/com.st.stm32cube.ide.mcu.externaltools.gnu-tools-for-stm32.9-2020-q2-update.win32_1.5.0.202011040924/tools/bin/../lib/gcc/arm-none-eabi/9.3.1/thumb/v7e-m+fp/hard/crtn.o
OUTPUT(Bootloader.elf elf32-littlearm)
LOAD linker stubs
LOAD c:/st/stm32cubeide_1.6.1/stm32cubeide/plugins/com.st.stm32cube.ide.mcu.externaltools.gnu-tools-for-stm32.9-2020-q2-update.win32_1.5.0.202011040924/tools/bin/../lib/gcc/arm-none-eabi/9.3.1/../../../../arm-none-eabi/lib/thumb/v7e-m+fp/hard\libc.a
LOAD c:/st/stm32cubeide_1.6.1/stm32cubeide/plugins/com.st.stm32cube.ide.mcu.externaltools.gnu-tools-for-stm32.9-2020-q2-update.win32_1.5.0.202011040924/tools/bin/../lib/gcc/arm-none-eabi/9.3.1/../../../../arm-none-eabi/lib/thumb/v7e-m+fp/hard\libm.a
LOAD c:/st/stm32cubeide_1.6.1/stm32cubeide/plugins/com.st.stm32cube.ide.mcu.externaltools.gnu-tools-for-stm32.9-2020-q2-update.win32_1.5.0.202011040924/tools/bin/../lib/gcc/arm-none-eabi/9.3.1/thumb/v7e-m+fp/hard\libgcc.a

.debug_info     0x0000000000000000    0x11507
 .debug_info    0x0000000000000000     0x22c2 Core/Src/flash_if.o
 .debug_info    0x00000000000022c2     0x225e Core/Src/lzss_aes_gcm.o
 .debug_info    0x0000000000004520     0x23ae Core/Src/main.o
 .debug_info    0x00000000000068ce      0xb64 Core/Src/stm32f4xx_hal_msp.o
 .debug_info    0x0000000000007432      0x222 Core/Src/stm32f4xx_it.o
 .debug_info    0x0000000000007654      0x5d0 Core/Src/system_stm32f4xx.o
 .debug_info    0x0000000000007c24     0x1abe Core/Src/uECC.o
 .debug_info    0x00000000000096e2       0x22 Core/Startup/startup_stm32f411retx.o
 .debug_info    0x0000000000009704      0x944 Drivers/STM32F4xx_HAL_Driver/Src/stm32f4xx_hal.o
 .debug_info    0x000000000000a048      0xe47 Drivers/STM32F4xx_HAL_Driver/Src/stm32f4xx_hal_cortex.o
 .debug_info    0x000000000000ae8f      0x473 Drivers/STM32F4xx_HAL_Driver/Src/stm32f4xx_hal_crc.o
 .debug_info    0x000000000000b302      0x675 Drivers/STM32F4xx_HAL_Driver/Src/stm32f4xx_hal_flash.o
 .debug_info    0x000000000000b977      0x8fd Drivers/STM32F4xx_HAL_Driver/Src/stm32f4xx_hal_flash_ex.o
 .debug_info    0x000000000000c274      0x862 Drivers/STM32F4xx_HAL_Driver/Src/stm32f4xx_hal_gpio.o