legacy_v3_ecc.c:36:16:bitLength	24	static
legacy_v3_ecc.c:55:16:cmox_helper_ecc_rv_convert	24	static
legacy_v3_ecc.c:97:9:ECCinitEC	112	static
legacy_v3_ecc.c:123:9:ECCfreeEC	16	static
legacy_v3_ecc.c:137:9:ECCinitPoint	32	static
legacy_v3_ecc.c:183:9:ECCfreePoint	24	static
legacy_v3_ecc.c:216:9:ECCsetPointCoordinate	32	static
legacy_v3_ecc.c:257:9:ECCgetPointCoordinate	32	static
legacy_v3_ecc.c:295:9:ECCgetPointFlag	24	static
legacy_v3_ecc.c:309:6:ECCsetPointFlag	16	static
legacy_v3_ecc.c:317:9:ECCsetPointGenerator	24	static
legacy_v3_ecc.c:348:9:ECCcopyPoint	24	static
legacy_v3_ecc.c:368:9:ECCinitPrivKey	32	static
legacy_v3_ecc.c:414:9:ECCfreePrivKey	24	static
legacy_v3_ecc.c:448:9:ECCsetPrivKeyValue	32	static
legacy_v3_ecc.c:469:9:ECCgetPrivKeyValue	32	static
legacy_v3_ecc.c:491:9:ECDSAinitSign	32	static
legacy_v3_ecc.c:538:9:ECDSAfreeSign	24	static
legacy_v3_ecc.c:573:9:ECDSAsetSignature	32	static
legacy_v3_ecc.c:614:9:ECDSAgetSignature	32	static
legacy_v3_ecc.c:654:9:ECCvalidatePubKey	64	static
legacy_v3_ecc.c:686:9:ECCscalarMul	72	static
legacy_v3_ecc.c:708:9:ECCkeyGen	72	static
legacy_v3_ecc.c:768:9:ECDSAsign	88	static
legacy_v3_ecc.c:829:9:ECDSAverify	80	static
