00:24:56 **** Incremental Build of configuration Debug for project Bootloader ****
make -j8 all 
arm-none-eabi-gcc "../Core/Src/flash_if.c" -mcpu=cortex-m4 -std=gnu11 -g3 -DDEBUG -DUSE_HAL_DRIVER -DSTM32F411xE -c -I../Core/Inc -I../Drivers/STM32F4xx_HAL_Driver/Inc -I../Drivers/STM32F4xx_HAL_Driver/Inc/Legacy -I../Drivers/CMSIS/Device/ST/STM32F4xx/Include -I../Drivers/CMSIS/Include -I"C:/Users/HP/Documents/work_space/Embedded_Secure_Encryp_Comp/Bootloader/STM32_Cryptographic/include" -I"C:/Users/HP/Documents/work_space/Embedded_Secure_Encryp_Comp/Bootloader/STM32_Cryptographic/legacy_v3/include" -I"C:/Users/HP/Documents/work_space/Embedded_Secure_Encryp_Comp/Bootloader/STM32_Cryptographic/include/hash" -I"C:/Users/HP/Documents/work_space/Embedded_Secure_Encryp_Comp/Bootloader/STM32_Cryptographic/include/ecc" -I"C:/Users/HP/Documents/work_space/Embedded_Secure_Encryp_Comp/Bootloader/STM32_Cryptographic/legacy_v3/include/hash" -I"C:/Users/HP/Documents/work_space/Embedded_Secure_Encryp_Comp/Bootloader/STM32_Cryptographic/legacy_v3/include/ecc" -I"C:/Users/HP/Documents/work_space/Embedded_Secure_Encryp_Comp/Bootloader/STM32_Cryptographic/legacy_v3/src/ecc" -I"C:/Users/HP/Documents/work_space/Embedded_Secure_Encryp_Comp/Bootloader/STM32_Cryptographic/legacy_v3/src/hash" -I"C:/Users/HP/Documents/work_space/Embedded_Secure_Encryp_Comp/Bootloader/STM32_Cryptographic/legacy_v3/src" -I"C:/Users/HP/Documents/work_space/Embedded_Secure_Encryp_Comp/Bootloader/STM32_Cryptographic/legacy_v3/include/cipher" -I"C:/Users/HP/Documents/work_space/Embedded_Secure_Encryp_Comp/Bootloader/STM32_Cryptographic/legacy_v3/src/cipher" -I"C:/Users/HP/Documents/work_space/Embedded_Secure_Encryp_Comp/Bootloader/STM32_Cryptographic/include/cipher" -O0 -ffunction-sections -fdata-sections -Wall -fstack-usage -MMD -MP -MF"Core/Src/flash_if.d" -MT"Core/Src/flash_if.o" --specs=nano.specs -mfpu=fpv4-sp-d16 -mfloat-abi=hard -mthumb -o "Core/Src/flash_if.o"
arm-none-eabi-gcc -o "Bootloader.elf" @"objects.list"  -lSTM32Cryptographic_CM4 -mcpu=cortex-m4 -T"C:\Users\HP\Documents\work_space\Embedded_Secure_Encryp_Comp\Bootloader\STM32F411RETX_FLASH.ld" --specs=nosys.specs -Wl,-Map="Bootloader.map" -Wl,--gc-sections -static -Wl,--start-group -lSTM32Cryptographic_CM4 -Wl,--end-group -L"C:\Users\HP\Documents\work_space\Embedded_Secure_Encryp_Comp\Bootloader\STM32_Cryptographic\lib" --specs=nano.specs -mfpu=fpv4-sp-d16 -mfloat-abi=hard -mthumb -Wl,--start-group -lc -lm -Wl,--end-group
Finished building target: Bootloader.elf
 
arm-none-eabi-objdump -h -S  Bootloader.elf  > "Bootloader.list"
arm-none-eabi-objcopy  -O binary  Bootloader.elf  "Bootloader.bin"
arm-none-eabi-size   Bootloader.elf 
   text	   data	    bss	    dec	    hex	filename
  41180	     20	   5412	  46612	   b614	Bootloader.elf
Finished building: default.size.stdout
 
Finished building: Bootloader.bin
 
Finished building: Bootloader.list
 

00:24:57 Build Finished. 0 errors, 0 warnings. (took 1s.458ms)

