18:24:32 **** Incremental Build of configuration Debug for project Bootloader ****
make -j8 all 
arm-none-eabi-gcc "../Core/Src/SIGMA_ECC.c" -mcpu=cortex-m4 -std=gnu11 -g3 -DDEBUG -DUSE_HAL_DRIVER -DSTM32F411xE -c -I../Core/Inc -I../Drivers/STM32F4xx_HAL_Driver/Inc -I../Drivers/STM32F4xx_HAL_Driver/Inc/Legacy -I../Drivers/CMSIS/Device/ST/STM32F4xx/Include -I../Drivers/CMSIS/Include -I"C:/Users/HP/Documents/work_space/Embedded_Secure_Encryp_Comp/Bootloader/STM32_Cryptographic/include" -I"C:/Users/HP/Documents/work_space/Embedded_Secure_Encryp_Comp/Bootloader/STM32_Cryptographic/legacy_v3/include" -I"C:/Users/HP/Documents/work_space/Embedded_Secure_Encryp_Comp/Bootloader/STM32_Cryptographic/include/hash" -I"C:/Users/HP/Documents/work_space/Embedded_Secure_Encryp_Comp/Bootloader/STM32_Cryptographic/include/ecc" -I"C:/Users/HP/Documents/work_space/Embedded_Secure_Encryp_Comp/Bootloader/STM32_Cryptographic/legacy_v3/include/hash" -I"C:/Users/HP/Documents/work_space/Embedded_Secure_Encryp_Comp/Bootloader/STM32_Cryptographic/legacy_v3/include/ecc" -I"C:/Users/HP/Documents/work_space/Embedded_Secure_Encryp_Comp/Bootloader/STM32_Cryptographic/legacy_v3/src/ecc" -I"C:/Users/HP/Documents/work_space/Embedded_Secure_Encryp_Comp/Bootloader/STM32_Cryptographic/legacy_v3/src/hash" -I"C:/Users/HP/Documents/work_space/Embedded_Secure_Encryp_Comp/Bootloader/STM32_Cryptographic/legacy_v3/src" -I"C:/Users/HP/Documents/work_space/Embedded_Secure_Encryp_Comp/Bootloader/STM32_Cryptographic/legacy_v3/include/cipher" -I"C:/Users/HP/Documents/work_space/Embedded_Secure_Encryp_Comp/Bootloader/STM32_Cryptographic/legacy_v3/src/cipher" -I"C:/Users/HP/Documents/work_space/Embedded_Secure_Encryp_Comp/Bootloader/STM32_Cryptographic/include/cipher" -O0 -ffunction-sections -fdata-sections -Wall -fstack-usage -MMD -MP -MF"Core/Src/SIGMA_ECC.d" -MT"Core/Src/SIGMA_ECC.o" --specs=nano.specs -mfpu=fpv4-sp-d16 -mfloat-abi=hard -mthumb -o "Core/Src/SIGMA_ECC.o"
arm-none-eabi-gcc "../Core/Src/SIGMA_flash_if.c" -mcpu=cortex-m4 -std=gnu11 -g3 -DDEBUG -DUSE_HAL_DRIVER -DSTM32F411xE -c -I../Core/Inc -I../Drivers/STM32F4xx_HAL_Driver/Inc -I../Drivers/STM32F4xx_HAL_Driver/Inc/Legacy -I../Drivers/CMSIS/Device/ST/STM32F4xx/Include -I../Drivers/CMSIS/Include -I"C:/Users/HP/Documents/work_space/Embedded_Secure_Encryp_Comp/Bootloader/STM32_Cryptographic/include" -I"C:/Users/HP/Documents/work_space/Embedded_Secure_Encryp_Comp/Bootloader/STM32_Cryptographic/legacy_v3/include" -I"C:/Users/HP/Documents/work_space/Embedded_Secure_Encryp_Comp/Bootloader/STM32_Cryptographic/include/hash" -I"C:/Users/HP/Documents/work_space/Embedded_Secure_Encryp_Comp/Bootloader/STM32_Cryptographic/include/ecc" -I"C:/Users/HP/Documents/work_space/Embedded_Secure_Encryp_Comp/Bootloader/STM32_Cryptographic/legacy_v3/include/hash" -I"C:/Users/HP/Documents/work_space/Embedded_Secure_Encryp_Comp/Bootloader/STM32_Cryptographic/legacy_v3/include/ecc" -I"C:/Users/HP/Documents/work_space/Embedded_Secure_Encryp_Comp/Bootloader/STM32_Cryptographic/legacy_v3/src/ecc" -I"C:/Users/HP/Documents/work_space/Embedded_Secure_Encryp_Comp/Bootloader/STM32_Cryptographic/legacy_v3/src/hash" -I"C:/Users/HP/Documents/work_space/Embedded_Secure_Encryp_Comp/Bootloader/STM32_Cryptographic/legacy_v3/src" -I"C:/Users/HP/Documents/work_space/Embedded_Secure_Encryp_Comp/Bootloader/STM32_Cryptographic/legacy_v3/include/cipher" -I"C:/Users/HP/Documents/work_space/Embedded_Secure_Encryp_Comp/Bootloader/STM32_Cryptographic/legacy_v3/src/cipher" -I"C:/Users/HP/Documents/work_space/Embedded_Secure_Encryp_Comp/Bootloader/STM32_Cryptographic/include/cipher" -O0 -ffunction-sections -fdata-sections -Wall -fstack-usage -MMD -MP -MF"Core/Src/SIGMA_flash_if.d" -MT"Core/Src/SIGMA_flash_if.o" --specs=nano.specs -mfpu=fpv4-sp-d16 -mfloat-abi=hard -mthumb -o "Core/Src/SIGMA_flash_if.o"
arm-none-eabi-gcc "../Core/Src/SIGMA_lzss_aes_gcm.c" -mcpu=cortex-m4 -std=gnu11 -g3 -DDEBUG -DUSE_HAL_DRIVER -DSTM32F411xE -c -I../Core/Inc -I../Drivers/STM32F4xx_HAL_Driver/Inc -I../Drivers/STM32F4xx_HAL_Driver/Inc/Legacy -I../Drivers/CMSIS/Device/ST/STM32F4xx/Include -I../Drivers/CMSIS/Include -I"C:/Users/HP/Documents/work_space/Embedded_Secure_Encryp_Comp/Bootloader/STM32_Cryptographic/include" -I"C:/Users/HP/Documents/work_space/Embedded_Secure_Encryp_Comp/Bootloader/STM32_Cryptographic/legacy_v3/include" -I"C:/Users/HP/Documents/work_space/Embedded_Secure_Encryp_Comp/Bootloader/STM32_Cryptographic/include/hash" -I"C:/Users/HP/Documents/work_space/Embedded_Secure_Encryp_Comp/Bootloader/STM32_Cryptographic/include/ecc" -I"C:/Users/HP/Documents/work_space/Embedded_Secure_Encryp_Comp/Bootloader/STM32_Cryptographic/legacy_v3/include/hash" -I"C:/Users/HP/Documents/work_space/Embedded_Secure_Encryp_Comp/Bootloader/STM32_Cryptographic/legacy_v3/include/ecc" -I"C:/Users/HP/Documents/work_space/Embedded_Secure_Encryp_Comp/Bootloader/STM32_Cryptographic/legacy_v3/src/ecc" -I"C:/Users/HP/Documents/work_space/Embedded_Secure_Encryp_Comp/Bootloader/STM32_Cryptographic/legacy_v3/src/hash" -I"C:/Users/HP/Documents/work_space/Embedded_Secure_Encryp_Comp/Bootloader/STM32_Cryptographic/legacy_v3/src" -I"C:/Users/HP/Documents/work_space/Embedded_Secure_Encryp_Comp/Bootloader/STM32_Cryptographic/legacy_v3/include/cipher" -I"C:/Users/HP/Documents/work_space/Embedded_Secure_Encryp_Comp/Bootloader/STM32_Cryptographic/legacy_v3/src/cipher" -I"C:/Users/HP/Documents/work_space/Embedded_Secure_Encryp_Comp/Bootloader/STM32_Cryptographic/include/cipher" -O0 -ffunction-sections -fdata-sections -Wall -fstack-usage -MMD -MP -MF"Core/Src/SIGMA_lzss_aes_gcm.d" -MT"Core/Src/SIGMA_lzss_aes_gcm.o" --specs=nano.specs -mfpu=fpv4-sp-d16 -mfloat-abi=hard -mthumb -o "Core/Src/SIGMA_lzss_aes_gcm.o"
arm-none-eabi-gcc "../Core/Src/syscalls.c" -mcpu=cortex-m4 -std=gnu11 -g3 -DDEBUG -DUSE_HAL_DRIVER -DSTM32F411xE -c -I../Core/Inc -I../Drivers/STM32F4xx_HAL_Driver/Inc -I../Drivers/STM32F4xx_HAL_Driver/Inc/Legacy -I../Drivers/CMSIS/Device/ST/STM32F4xx/Include -I../Drivers/CMSIS/Include -I"C:/Users/HP/Documents/work_space/Embedded_Secure_Encryp_Comp/Bootloader/STM32_Cryptographic/include" -I"C:/Users/HP/Documents/work_space/Embedded_Secure_Encryp_Comp/Bootloader/STM32_Cryptographic/legacy_v3/include" -I"C:/Users/HP/Documents/work_space/Embedded_Secure_Encryp_Comp/Bootloader/STM32_Cryptographic/include/hash" -I"C:/Users/HP/Documents/work_space/Embedded_Secure_Encryp_Comp/Bootloader/STM32_Cryptographic/include/ecc" -I"C:/Users/HP/Documents/work_space/Embedded_Secure_Encryp_Comp/Bootloader/STM32_Cryptographic/legacy_v3/include/hash" -I"C:/Users/HP/Documents/work_space/Embedded_Secure_Encryp_Comp/Bootloader/STM32_Cryptographic/legacy_v3/include/ecc" -I"C:/Users/HP/Documents/work_space/Embedded_Secure_Encryp_Comp/Bootloader/STM32_Cryptographic/legacy_v3/src/ecc" -I"C:/Users/HP/Documents/work_space/Embedded_Secure_Encryp_Comp/Bootloader/STM32_Cryptographic/legacy_v3/src/hash" -I"C:/Users/HP/Documents/work_space/Embedded_Secure_Encryp_Comp/Bootloader/STM32_Cryptographic/legacy_v3/src" -I"C:/Users/HP/Documents/work_space/Embedded_Secure_Encryp_Comp/Bootloader/STM32_Cryptographic/legacy_v3/include/cipher" -I"C:/Users/HP/Documents/work_space/Embedded_Secure_Encryp_Comp/Bootloader/STM32_Cryptographic/legacy_v3/src/cipher" -I"C:/Users/HP/Documents/work_space/Embedded_Secure_Encryp_Comp/Bootloader/STM32_Cryptographic/include/cipher" -O0 -ffunction-sections -fdata-sections -Wall -fstack-usage -MMD -MP -MF"Core/Src/syscalls.d" -MT"Core/Src/syscalls.o" --specs=nano.specs -mfpu=fpv4-sp-d16 -mfloat-abi=hard -mthumb -o "Core/Src/syscalls.o"
arm-none-eabi-gcc "../Core/Src/sysmem.c" -mcpu=cortex-m4 -std=gnu11 -g3 -DDEBUG -DUSE_HAL_DRIVER -DSTM32F411xE -c -I../Core/Inc -I../Drivers/STM32F4xx_HAL_Driver/Inc -I../Drivers/STM32F4xx_HAL_Driver/Inc/Legacy -I../Drivers/CMSIS/Device/ST/STM32F4xx/Include -I../Drivers/CMSIS/Include -I"C:/Users/HP/Documents/work_space/Embedded_Secure_Encryp_Comp/Bootloader/STM32_Cryptographic/include" -I"C:/Users/HP/Documents/work_space/Embedded_Secure_Encryp_Comp/Bootloader/STM32_Cryptographic/legacy_v3/include" -I"C:/Users/HP/Documents/work_space/Embedded_Secure_Encryp_Comp/Bootloader/STM32_Cryptographic/include/hash" -I"C:/Users/HP/Documents/work_space/Embedded_Secure_Encryp_Comp/Bootloader/STM32_Cryptographic/include/ecc" -I"C:/Users/HP/Documents/work_space/Embedded_Secure_Encryp_Comp/Bootloader/STM32_Cryptographic/legacy_v3/include/hash" -I"C:/Users/HP/Documents/work_space/Embedded_Secure_Encryp_Comp/Bootloader/STM32_Cryptographic/legacy_v3/include/ecc" -I"C:/Users/HP/Documents/work_space/Embedded_Secure_Encryp_Comp/Bootloader/STM32_Cryptographic/legacy_v3/src/ecc" -I"C:/Users/HP/Documents/work_space/Embedded_Secure_Encryp_Comp/Bootloader/STM32_Cryptographic/legacy_v3/src/hash" -I"C:/Users/HP/Documents/work_space/Embedded_Secure_Encryp_Comp/Bootloader/STM32_Cryptographic/legacy_v3/src" -I"C:/Users/HP/Documents/work_space/Embedded_Secure_Encryp_Comp/Bootloader/STM32_Cryptographic/legacy_v3/include/cipher" -I"C:/Users/HP/Documents/work_space/Embedded_Secure_Encryp_Comp/Bootloader/STM32_Cryptographic/legacy_v3/src/cipher" -I"C:/Users/HP/Documents/work_space/Embedded_Secure_Encryp_Comp/Bootloader/STM32_Cryptographic/include/cipher" -O0 -ffunction-sections -fdata-sections -Wall -fstack-usage -MMD -MP -MF"Core/Src/sysmem.d" -MT"Core/Src/sysmem.o" --specs=nano.specs -mfpu=fpv4-sp-d16 -mfloat-abi=hard -mthumb -o "Core/Src/sysmem.o"
arm-none-eabi-gcc "../Core/Src/system_stm32f4xx.c" -mcpu=cortex-m4 -std=gnu11 -g3 -DDEBUG -DUSE_HAL_DRIVER -DSTM32F411xE -c -I../Core/Inc -I../Drivers/STM32F4xx_HAL_Driver/Inc -I../Drivers/STM32F4xx_HAL_Driver/Inc/Legacy -I../Drivers/CMSIS/Device/ST/STM32F4xx/Include -I../Drivers/CMSIS/Include -I"C:/Users/HP/Documents/work_space/Embedded_Secure_Encryp_Comp/Bootloader/STM32_Cryptographic/include" -I"C:/Users/HP/Documents/work_space/Embedded_Secure_Encryp_Comp/Bootloader/STM32_Cryptographic/legacy_v3/include" -I"C:/Users/HP/Documents/work_space/Embedded_Secure_Encryp_Comp/Bootloader/STM32_Cryptographic/include/hash" -I"C:/Users/HP/Documents/work_space/Embedded_Secure_Encryp_Comp/Bootloader/STM32_Cryptographic/include/ecc" -I"C:/Users/HP/Documents/work_space/Embedded_Secure_Encryp_Comp/Bootloader/STM32_Cryptographic/legacy_v3/include/hash" -I"C:/Users/HP/Documents/work_space/Embedded_Secure_Encryp_Comp/Bootloader/STM32_Cryptographic/legacy_v3/include/ecc" -I"C:/Users/HP/Documents/work_space/Embedded_Secure_Encryp_Comp/Bootloader/STM32_Cryptographic/legacy_v3/src/ecc" -I"C:/Users/HP/Documents/work_space/Embedded_Secure_Encryp_Comp/Bootloader/STM32_Cryptographic/legacy_v3/src/hash" -I"C:/Users/HP/Documents/work_space/Embedded_Secure_Encryp_Comp/Bootloader/STM32_Cryptographic/legacy_v3/src" -I"C:/Users/HP/Documents/work_space/Embedded_Secure_Encryp_Comp/Bootloader/STM32_Cryptographic/legacy_v3/include/cipher" -I"C:/Users/HP/Documents/work_space/Embedded_Secure_Encryp_Comp/Bootloader/STM32_Cryptographic/legacy_v3/src/cipher" -I"C:/Users/HP/Documents/work_space/Embedded_Secure_Encryp_Comp/Bootloader/STM32_Cryptographic/include/cipher" -O0 -ffunction-sections -fdata-sections -Wall -fstack-usage -MMD -MP -MF"Core/Src/system_stm32f4xx.d" -MT"Core/Src/system_stm32f4xx.o" --specs=nano.specs -mfpu=fpv4-sp-d16 -mfloat-abi=hard -mthumb -o "Core/Src/system_stm32f4xx.o"
arm-none-eabi-gcc "../Core/Src/SIGMA_main.c" -mcpu=cortex-m4 -std=gnu11 -g3 -DDEBUG -DUSE_HAL_DRIVER -DSTM32F411xE -c -I../Core/Inc -I../Drivers/STM32F4xx_HAL_Driver/Inc -I../Drivers/STM32F4xx_HAL_Driver/Inc/Legacy -I../Drivers/CMSIS/Device/ST/STM32F4xx/Include -I../Drivers/CMSIS/Include -I"C:/Users/HP/Documents/work_space/Embedded_Secure_Encryp_Comp/Bootloader/STM32_Cryptographic/include" -I"C:/Users/HP/Documents/work_space/Embedded_Secure_Encryp_Comp/Bootloader/STM32_Cryptographic/legacy_v3/include" -I"C:/Users/HP/Documents/work_space/Embedded_Secure_Encryp_Comp/Bootloader/STM32_Cryptographic/include/hash" -I"C:/Users/HP/Documents/work_space/Embedded_Secure_Encryp_Comp/Bootloader/STM32_Cryptographic/include/ecc" -I"C:/Users/HP/Documents/work_space/Embedded_Secure_Encryp_Comp/Bootloader/STM32_Cryptographic/legacy_v3/include/hash" -I"C:/Users/HP/Documents/work_space/Embedded_Secure_Encryp_Comp/Bootloader/STM32_Cryptographic/legacy_v3/include/ecc" -I"C:/Users/HP/Documents/work_space/Embedded_Secure_Encryp_Comp/Bootloader/STM32_Cryptographic/legacy_v3/src/ecc" -I"C:/Users/HP/Documents/work_space/Embedded_Secure_Encryp_Comp/Bootloader/STM32_Cryptographic/legacy_v3/src/hash" -I"C:/Users/HP/Documents/work_space/Embedded_Secure_Encryp_Comp/Bootloader/STM32_Cryptographic/legacy_v3/src" -I"C:/Users/HP/Documents/work_space/Embedded_Secure_Encryp_Comp/Bootloader/STM32_Cryptographic/legacy_v3/include/cipher" -I"C:/Users/HP/Documents/work_space/Embedded_Secure_Encryp_Comp/Bootloader/STM32_Cryptographic/legacy_v3/src/cipher" -I"C:/Users/HP/Documents/work_space/Embedded_Secure_Encryp_Comp/Bootloader/STM32_Cryptographic/include/cipher" -O0 -ffunction-sections -fdata-sections -Wall -fstack-usage -MMD -MP -MF"Core/Src/SIGMA_main.d" -MT"Core/Src/SIGMA_main.o" --specs=nano.specs -mfpu=fpv4-sp-d16 -mfloat-abi=hard -mthumb -o "Core/Src/SIGMA_main.o"
arm-none-eabi-gcc "../Core/Src/stm32f4xx_hal_msp.c" -mcpu=cortex-m4 -std=gnu11 -g3 -DDEBUG -DUSE_HAL_DRIVER -DSTM32F411xE -c -I../Core/Inc -I../Drivers/STM32F4xx_HAL_Driver/Inc -I../Drivers/STM32F4xx_HAL_Driver/Inc/Legacy -I../Drivers/CMSIS/Device/ST/STM32F4xx/Include -I../Drivers/CMSIS/Include -I"C:/Users/HP/Documents/work_space/Embedded_Secure_Encryp_Comp/Bootloader/STM32_Cryptographic/include" -I"C:/Users/HP/Documents/work_space/Embedded_Secure_Encryp_Comp/Bootloader/STM32_Cryptographic/legacy_v3/include" -I"C:/Users/HP/Documents/work_space/Embedded_Secure_Encryp_Comp/Bootloader/STM32_Cryptographic/include/hash" -I"C:/Users/HP/Documents/work_space/Embedded_Secure_Encryp_Comp/Bootloader/STM32_Cryptographic/include/ecc" -I"C:/Users/HP/Documents/work_space/Embedded_Secure_Encryp_Comp/Bootloader/STM32_Cryptographic/legacy_v3/include/hash" -I"C:/Users/HP/Documents/work_space/Embedded_Secure_Encryp_Comp/Bootloader/STM32_Cryptographic/legacy_v3/include/ecc" -I"C:/Users/HP/Documents/work_space/Embedded_Secure_Encryp_Comp/Bootloader/STM32_Cryptographic/legacy_v3/src/ecc" -I"C:/Users/HP/Documents/work_space/Embedded_Secure_Encryp_Comp/Bootloader/STM32_Cryptographic/legacy_v3/src/hash" -I"C:/Users/HP/Documents/work_space/Embedded_Secure_Encryp_Comp/Bootloader/STM32_Cryptographic/legacy_v3/src" -I"C:/Users/HP/Documents/work_space/Embedded_Secure_Encryp_Comp/Bootloader/STM32_Cryptographic/legacy_v3/include/cipher" -I"C:/Users/HP/Documents/work_space/Embedded_Secure_Encryp_Comp/Bootloader/STM32_Cryptographic/legacy_v3/src/cipher" -I"C:/Users/HP/Documents/work_space/Embedded_Secure_Encryp_Comp/Bootloader/STM32_Cryptographic/include/cipher" -O0 -ffunction-sections -fdata-sections -Wall -fstack-usage -MMD -MP -MF"Core/Src/stm32f4xx_hal_msp.d" -MT"Core/Src/stm32f4xx_hal_msp.o" --specs=nano.specs -mfpu=fpv4-sp-d16 -mfloat-abi=hard -mthumb -o "Core/Src/stm32f4xx_hal_msp.o"
arm-none-eabi-gcc "../Core/Src/stm32f4xx_it.c" -mcpu=cortex-m4 -std=gnu11 -g3 -DDEBUG -DUSE_HAL_DRIVER -DSTM32F411xE -c -I../Core/Inc -I../Drivers/STM32F4xx_HAL_Driver/Inc -I../Drivers/STM32F4xx_HAL_Driver/Inc/Legacy -I../Drivers/CMSIS/Device/ST/STM32F4xx/Include -I../Drivers/CMSIS/Include -I"C:/Users/HP/Documents/work_space/Embedded_Secure_Encryp_Comp/Bootloader/STM32_Cryptographic/include" -I"C:/Users/HP/Documents/work_space/Embedded_Secure_Encryp_Comp/Bootloader/STM32_Cryptographic/legacy_v3/include" -I"C:/Users/HP/Documents/work_space/Embedded_Secure_Encryp_Comp/Bootloader/STM32_Cryptographic/include/hash" -I"C:/Users/HP/Documents/work_space/Embedded_Secure_Encryp_Comp/Bootloader/STM32_Cryptographic/include/ecc" -I"C:/Users/HP/Documents/work_space/Embedded_Secure_Encryp_Comp/Bootloader/STM32_Cryptographic/legacy_v3/include/hash" -I"C:/Users/HP/Documents/work_space/Embedded_Secure_Encryp_Comp/Bootloader/STM32_Cryptographic/legacy_v3/include/ecc" -I"C:/Users/HP/Documents/work_space/Embedded_Secure_Encryp_Comp/Bootloader/STM32_Cryptographic/legacy_v3/src/ecc" -I"C:/Users/HP/Documents/work_space/Embedded_Secure_Encryp_Comp/Bootloader/STM32_Cryptographic/legacy_v3/src/hash" -I"C:/Users/HP/Documents/work_space/Embedded_Secure_Encryp_Comp/Bootloader/STM32_Cryptographic/legacy_v3/src" -I"C:/Users/HP/Documents/work_space/Embedded_Secure_Encryp_Comp/Bootloader/STM32_Cryptographic/legacy_v3/include/cipher" -I"C:/Users/HP/Documents/work_space/Embedded_Secure_Encryp_Comp/Bootloader/STM32_Cryptographic/legacy_v3/src/cipher" -I"C:/Users/HP/Documents/work_space/Embedded_Secure_Encryp_Comp/Bootloader/STM32_Cryptographic/include/cipher" -O0 -ffunction-sections -fdata-sections -Wall -fstack-usage -MMD -MP -MF"Core/Src/stm32f4xx_it.d" -MT"Core/Src/stm32f4xx_it.o" --specs=nano.specs -mfpu=fpv4-sp-d16 -mfloat-abi=hard -mthumb -o "Core/Src/stm32f4xx_it.o"
arm-none-eabi-gcc -o "Bootloader.elf" @"objects.list"  -lSTM32Cryptographic_CM4 -mcpu=cortex-m4 -T"C:\Users\HP\Documents\work_space\Embedded_Secure_Encryp_Comp\Bootloader\STM32F411RETX_FLASH.ld" --specs=nosys.specs -Wl,-Map="Bootloader.map" -Wl,--gc-sections -static -Wl,--start-group -lSTM32Cryptographic_CM4 -Wl,--end-group -L"C:\Users\HP\Documents\work_space\Embedded_Secure_Encryp_Comp\Bootloader\STM32_Cryptographic\lib" --specs=nano.specs -mfpu=fpv4-sp-d16 -mfloat-abi=hard -mthumb -Wl,--start-group -lc -lm -Wl,--end-group
Finished building target: Bootloader.elf
 
arm-none-eabi-objdump -h -S  Bootloader.elf  > "Bootloader.list"
arm-none-eabi-objcopy  -O binary  Bootloader.elf  "Bootloader.bin"
arm-none-eabi-size   Bootloader.elf 
   text	   data	    bss	    dec	    hex	filename
  41084	     20	   5412	  46516	   b5b4	Bootloader.elf
Finished building: default.size.stdout
 
Finished building: Bootloader.bin
 
Finished building: Bootloader.list
 
